2025-09-23 10:48:32,853 - AtomWorldEvaluator - INFO - Starting evaluation with 50 samples in batches of 5
2025-09-23 10:48:32,856 - AtomWorldEvaluator - DEBUG - Processing batch 1 of 10
2025-09-23 10:50:24,563 - AtomWorldEvaluator - DEBUG - Processing batch 2 of 10
2025-09-23 10:51:02,276 - AtomWorldEvaluator - DEBUG - Processing batch 3 of 10
2025-09-23 10:52:44,682 - AtomWorldEvaluator - DEBUG - Processing batch 4 of 10
2025-09-23 10:53:54,763 - AtomWorldEvaluator - DEBUG - Processing batch 5 of 10
2025-09-23 10:55:13,207 - AtomWorldEvaluator - DEBUG - Processing batch 6 of 10
2025-09-23 10:56:35,539 - AtomWorldEvaluator - DEBUG - Processing batch 7 of 10
2025-09-23 10:58:02,795 - AtomWorldEvaluator - DEBUG - Processing batch 8 of 10
2025-09-23 10:58:30,977 - AtomWorldEvaluator - DEBUG - Processing batch 9 of 10
2025-09-23 10:59:17,634 - AtomWorldEvaluator - DEBUG - Processing batch 10 of 10
2025-09-23 11:01:30,236 - AtomWorldEvaluator - INFO - Evaluation completed
2025-09-23 11:01:30,236 - AtomWorldEvaluator - INFO - summary: {'total_samples': 50, 'success_count': 25, 'error_count': 25, 'success_rate': 0.5, 'error_types': {'AtomCountMismatch': {'count': 17, 'percentage': 0.68}, 'CIFParsingError': {'count': 7, 'percentage': 0.28}, 'StructureMismatch': {'count': 1, 'percentage': 0.04}}} - statistics: {'rmsd_mean': np.float64(0.0021504281123642783), 'rmsd_median': np.float64(2.8026647817890153e-08), 'rmsd_max': np.float64(0.053733782354269), 'rmsd_min': np.float64(1.841169671148742e-16), 'max_diff_mean': np.float64(0.006684572233859984), 'max_diff_median': np.float64(3.7881823556769025e-08), 'max_diff_max': np.float64(0.1670651186577256), 'max_diff_min': np.float64(9.281622393240027e-16)}
2025-09-23 11:01:30,239 - AtomWorldEvaluator - INFO - Saved metrics to /scratch/pawsey1151/alexchen5/AtomWorldBench/results/AtomWorld/o4_mini/super_cell_action/20250923_104832/metrics.json
2025-09-23 11:01:30,256 - AtomWorldEvaluator - INFO - Evaluation results saved to /scratch/pawsey1151/alexchen5/AtomWorldBench/results/AtomWorld/o4_mini/super_cell_action/20250923_104832/evaluation_results.csv
2025-09-23 11:01:30,266 - AtomWorldEvaluator - INFO - Failed cases saved to /scratch/pawsey1151/alexchen5/AtomWorldBench/results/AtomWorld/o4_mini/super_cell_action/20250923_104832/evaluation_wrongs.csv
2025-09-23 11:01:30,266 - AtomWorldEvaluator - INFO - 
======== Evaluation Summary ========
2025-09-23 11:01:30,266 - AtomWorldEvaluator - INFO - Total inputs: 1000
2025-09-23 11:01:30,266 - AtomWorldEvaluator - INFO - num_unreadable_out: 0
2025-09-23 11:01:30,266 - AtomWorldEvaluator - INFO - num_invalid_cif: 25
