2025-09-17 21:46:19,918 - CIFGenEvaluator - INFO - Starting evaluation with 10 samples in batches of 1
2025-09-17 21:46:19,921 - CIFGenEvaluator - DEBUG - Processing batch 1 of 10
2025-09-17 21:46:38,402 - CIFGenEvaluator - DEBUG - Processing batch 2 of 10
2025-09-17 21:46:47,391 - CIFGenEvaluator - DEBUG - Processing batch 3 of 10
2025-09-17 21:46:54,124 - CIFGenEvaluator - DEBUG - Processing batch 4 of 10
2025-09-17 21:47:05,207 - CIFGenEvaluator - DEBUG - Processing batch 5 of 10
2025-09-17 21:47:17,003 - CIFGenEvaluator - DEBUG - Processing batch 6 of 10
2025-09-17 21:47:21,656 - CIFGenEvaluator - DEBUG - Processing batch 7 of 10
2025-09-17 21:47:26,482 - CIFGenEvaluator - DEBUG - Processing batch 8 of 10
2025-09-17 21:47:55,806 - CIFGenEvaluator - DEBUG - Processing batch 9 of 10
2025-09-17 21:48:06,067 - CIFGenEvaluator - DEBUG - Processing batch 10 of 10
2025-09-17 21:48:12,136 - CIFGenEvaluator - INFO - Evaluation completed
2025-09-17 21:48:12,136 - CIFGenEvaluator - INFO - summary: {'total_samples': 10, 'success_count': 10, 'error_count': 0, 'success_rate': 1.0, 'error_types': {}} - statistics: {'rmsd_mean': np.float64(0.00016496049711201233), 'rmsd_median': np.float64(0.0), 'rmsd_max': np.float64(0.0016496049711196576), 'rmsd_min': np.float64(0.0), 'max_diff_mean': np.float64(0.00020203452282016213), 'max_diff_median': np.float64(0.0), 'max_diff_max': np.float64(0.002020345228201147), 'max_diff_min': np.float64(0.0)}
2025-09-17 21:48:12,139 - CIFGenEvaluator - INFO - Saved metrics to /scratch/pawsey1151/alexchen5/AtomWorldBench/results/CifGen/o3/20250917_214619/metrics.json
2025-09-17 21:48:12,147 - CIFGenEvaluator - INFO - Evaluation results saved to /scratch/pawsey1151/alexchen5/AtomWorldBench/results/CifGen/o3/20250917_214619/evaluation_results.csv
2025-09-17 21:48:12,147 - CIFGenEvaluator - INFO - 
======== Evaluation Summary ========
2025-09-17 21:48:12,147 - CIFGenEvaluator - INFO - Total inputs: 20
2025-09-17 21:48:12,147 - CIFGenEvaluator - INFO - num_unreadable_out: 0
2025-09-17 21:48:12,147 - CIFGenEvaluator - INFO - num_invalid_cif: 0
