2025-09-17 21:46:19,918 - CIFGenEvaluator - INFO - Starting evaluation with 10 samples in batches of 1
2025-09-17 21:46:19,921 - CIFGenEvaluator - DEBUG - Processing batch 1 of 10
2025-09-17 21:46:46,637 - CIFGenEvaluator - DEBUG - Processing batch 2 of 10
2025-09-17 21:47:04,011 - CIFGenEvaluator - DEBUG - Processing batch 3 of 10
2025-09-17 21:47:22,211 - CIFGenEvaluator - DEBUG - Processing batch 4 of 10
2025-09-17 21:47:41,543 - CIFGenEvaluator - DEBUG - Processing batch 5 of 10
2025-09-17 21:48:17,818 - CIFGenEvaluator - DEBUG - Processing batch 6 of 10
2025-09-17 21:48:31,782 - CIFGenEvaluator - DEBUG - Processing batch 7 of 10
2025-09-17 21:48:56,092 - CIFGenEvaluator - DEBUG - Processing batch 8 of 10
2025-09-17 21:49:15,237 - CIFGenEvaluator - DEBUG - Processing batch 9 of 10
2025-09-17 21:49:28,351 - CIFGenEvaluator - DEBUG - Processing batch 10 of 10
2025-09-17 21:49:48,337 - CIFGenEvaluator - INFO - Evaluation completed
2025-09-17 21:49:48,337 - CIFGenEvaluator - INFO - summary: {'total_samples': 10, 'success_count': 10, 'error_count': 0, 'success_rate': 1.0, 'error_types': {}} - statistics: {'rmsd_mean': np.float64(0.00016496049711202808), 'rmsd_median': np.float64(7.034225196202592e-17), 'rmsd_max': np.float64(0.0016496049711196576), 'rmsd_min': np.float64(0.0), 'max_diff_mean': np.float64(0.00020203452282017788), 'max_diff_median': np.float64(7.034225196202593e-17), 'max_diff_max': np.float64(0.002020345228201147), 'max_diff_min': np.float64(0.0)}
2025-09-17 21:49:48,340 - CIFGenEvaluator - INFO - Saved metrics to /scratch/pawsey1151/alexchen5/AtomWorldBench/results/CifGen/gemini_2_5_pro/20250917_214619/metrics.json
2025-09-17 21:49:48,349 - CIFGenEvaluator - INFO - Evaluation results saved to /scratch/pawsey1151/alexchen5/AtomWorldBench/results/CifGen/gemini_2_5_pro/20250917_214619/evaluation_results.csv
2025-09-17 21:49:48,349 - CIFGenEvaluator - INFO - 
======== Evaluation Summary ========
2025-09-17 21:49:48,349 - CIFGenEvaluator - INFO - Total inputs: 20
2025-09-17 21:49:48,349 - CIFGenEvaluator - INFO - num_unreadable_out: 0
2025-09-17 21:49:48,349 - CIFGenEvaluator - INFO - num_invalid_cif: 0
