2025-09-18 19:31:59,376 - CIFGenEvaluator - INFO - Starting evaluation with 20 samples in batches of 1
2025-09-18 19:31:59,376 - CIFGenEvaluator - INFO - Resuming from index 10
2025-09-18 19:31:59,379 - CIFGenEvaluator - DEBUG - Processing batch 1 of 20
2025-09-18 19:32:13,627 - CIFGenEvaluator - DEBUG - Processing batch 2 of 20
2025-09-18 19:32:29,459 - CIFGenEvaluator - DEBUG - Processing batch 3 of 20
2025-09-18 19:32:37,437 - CIFGenEvaluator - DEBUG - Processing batch 4 of 20
2025-09-18 19:33:04,841 - CIFGenEvaluator - DEBUG - Processing batch 5 of 20
2025-09-18 19:33:12,152 - CIFGenEvaluator - DEBUG - Processing batch 6 of 20
2025-09-18 19:33:33,035 - CIFGenEvaluator - DEBUG - Processing batch 7 of 20
2025-09-18 19:33:49,014 - CIFGenEvaluator - DEBUG - Processing batch 8 of 20
2025-09-18 19:34:07,413 - CIFGenEvaluator - DEBUG - Processing batch 9 of 20
2025-09-18 19:34:31,940 - CIFGenEvaluator - DEBUG - Processing batch 10 of 20
2025-09-18 19:34:40,297 - CIFGenEvaluator - INFO - Evaluation completed
2025-09-18 19:34:40,297 - CIFGenEvaluator - INFO - summary: {'total_samples': 10, 'success_count': 10, 'error_count': 0, 'success_rate': 1.0, 'error_types': {}} - statistics: {'rmsd_mean': np.float64(0.029297625384532244), 'rmsd_median': np.float64(1.1155048077529486e-16), 'rmsd_max': np.float64(0.28364037139472714), 'rmsd_min': np.float64(0.0), 'max_diff_mean': np.float64(0.05027136084846551), 'max_diff_median': np.float64(1.1155048077529486e-16), 'max_diff_max': np.float64(0.49127953433337346), 'max_diff_min': np.float64(0.0)}
2025-09-18 19:34:40,300 - CIFGenEvaluator - INFO - Saved metrics to /scratch/pawsey1151/alexchen5/AtomWorldBench/results/CifGen/o3/20250918_193159/metrics.json
2025-09-18 19:34:40,308 - CIFGenEvaluator - INFO - Evaluation results saved to /scratch/pawsey1151/alexchen5/AtomWorldBench/results/CifGen/o3/20250918_193159/evaluation_results.csv
2025-09-18 19:34:40,309 - CIFGenEvaluator - INFO - 
======== Evaluation Summary ========
2025-09-18 19:34:40,309 - CIFGenEvaluator - INFO - Total inputs: 20
2025-09-18 19:34:40,309 - CIFGenEvaluator - INFO - num_unreadable_out: 0
2025-09-18 19:34:40,309 - CIFGenEvaluator - INFO - num_invalid_cif: 0
