2025-09-18 19:35:14,750 - AtomWorldEvaluator - INFO - Starting evaluation with 50 samples in batches of 5
2025-09-18 19:35:14,752 - AtomWorldEvaluator - DEBUG - Processing batch 1 of 10
2025-09-18 19:37:39,488 - AtomWorldEvaluator - DEBUG - Processing batch 2 of 10
2025-09-18 19:38:09,575 - AtomWorldEvaluator - DEBUG - Processing batch 3 of 10
2025-09-18 19:38:29,867 - AtomWorldEvaluator - DEBUG - Processing batch 4 of 10
2025-09-18 19:38:50,408 - AtomWorldEvaluator - DEBUG - Processing batch 5 of 10
2025-09-18 19:39:18,222 - AtomWorldEvaluator - DEBUG - Processing batch 6 of 10
2025-09-18 19:39:43,095 - AtomWorldEvaluator - DEBUG - Processing batch 7 of 10
2025-09-18 19:40:51,637 - AtomWorldEvaluator - DEBUG - Processing batch 8 of 10
2025-09-18 19:42:04,529 - AtomWorldEvaluator - DEBUG - Processing batch 9 of 10
2025-09-18 19:42:57,026 - AtomWorldEvaluator - DEBUG - Processing batch 10 of 10
2025-09-18 19:43:55,906 - AtomWorldEvaluator - INFO - Evaluation completed
2025-09-18 19:43:55,908 - AtomWorldEvaluator - INFO - summary: {'total_samples': 50, 'success_count': 3, 'error_count': 47, 'success_rate': 0.06, 'error_types': {'StructureMismatch': {'count': 41, 'percentage': 0.8723404255319149}, 'AtomCountMismatch': {'count': 6, 'percentage': 0.1276595744680851}}} - statistics: {'rmsd_mean': np.float64(0.021605883676677578), 'rmsd_median': np.float64(0.029837908165379654), 'rmsd_max': np.float64(0.03497974286465278), 'rmsd_min': np.float64(2.8976449934543687e-16), 'max_diff_mean': np.float64(0.033566304271819385), 'max_diff_median': np.float64(0.04860996531664962), 'max_diff_max': np.float64(0.05208894749880792), 'max_diff_min': np.float64(6.151057693821796e-16)}
2025-09-18 19:43:55,911 - AtomWorldEvaluator - INFO - Saved metrics to /scratch/pawsey1151/alexchen5/AtomWorldBench/results/AtomWorld/o3/swap_atoms_action/20250918_193514/metrics.json
2025-09-18 19:43:55,914 - AtomWorldEvaluator - INFO - Evaluation results saved to /scratch/pawsey1151/alexchen5/AtomWorldBench/results/AtomWorld/o3/swap_atoms_action/20250918_193514/evaluation_results.csv
2025-09-18 19:43:56,132 - AtomWorldEvaluator - INFO - Failed cases saved to /scratch/pawsey1151/alexchen5/AtomWorldBench/results/AtomWorld/o3/swap_atoms_action/20250918_193514/evaluation_wrongs.csv
2025-09-18 19:43:56,132 - AtomWorldEvaluator - INFO - 
======== Evaluation Summary ========
2025-09-18 19:43:56,132 - AtomWorldEvaluator - INFO - Total inputs: 998
2025-09-18 19:43:56,132 - AtomWorldEvaluator - INFO - num_unreadable_out: 0
2025-09-18 19:43:56,132 - AtomWorldEvaluator - INFO - num_invalid_cif: 47
