2025-09-17 21:42:09,665 - CIFRepairEvaluator - INFO - Starting evaluation with 10 samples in batches of 1
2025-09-17 21:42:09,668 - CIFRepairEvaluator - DEBUG - Processing batch 1 of 10
2025-09-17 21:42:45,903 - CIFRepairEvaluator - DEBUG - Processing batch 2 of 10
2025-09-17 21:43:13,185 - CIFRepairEvaluator - DEBUG - Processing batch 3 of 10
2025-09-17 21:44:28,867 - CIFRepairEvaluator - DEBUG - Processing batch 4 of 10
2025-09-17 21:44:49,058 - CIFRepairEvaluator - DEBUG - Processing batch 5 of 10
2025-09-17 21:45:18,483 - CIFRepairEvaluator - DEBUG - Processing batch 6 of 10
2025-09-17 21:45:42,639 - CIFRepairEvaluator - DEBUG - Processing batch 7 of 10
2025-09-17 21:46:15,966 - CIFRepairEvaluator - DEBUG - Processing batch 8 of 10
2025-09-17 21:46:43,575 - CIFRepairEvaluator - DEBUG - Processing batch 9 of 10
2025-09-17 21:47:17,327 - CIFRepairEvaluator - DEBUG - Processing batch 10 of 10
2025-09-17 21:47:42,731 - CIFRepairEvaluator - INFO - Evaluation completed
2025-09-17 21:47:42,732 - CIFRepairEvaluator - INFO - summary: {'total_samples': 10, 'success_count': 9, 'error_count': 1, 'success_rate': 0.9, 'error_types': {'CIFParsingError': {'count': 1, 'percentage': 1.0}}} - statistics: {}
2025-09-17 21:47:42,734 - CIFRepairEvaluator - INFO - Saved metrics to /scratch/pawsey1151/alexchen5/AtomWorldBench/results/CifRepair/o4_mini/20250917_214209/metrics.json
2025-09-17 21:47:42,967 - CIFRepairEvaluator - INFO - Evaluation results saved to /scratch/pawsey1151/alexchen5/AtomWorldBench/results/CifRepair/o4_mini/20250917_214209/evaluation_results.csv
2025-09-17 21:47:42,970 - CIFRepairEvaluator - INFO - Failed cases saved to /scratch/pawsey1151/alexchen5/AtomWorldBench/results/CifRepair/o4_mini/20250917_214209/evaluation_wrongs.csv
2025-09-17 21:47:42,970 - CIFRepairEvaluator - INFO - 
======== Evaluation Summary ========
2025-09-17 21:47:42,970 - CIFRepairEvaluator - INFO - Total inputs: 22
2025-09-17 21:47:42,970 - CIFRepairEvaluator - INFO - num_unreadable_out: 0
2025-09-17 21:47:42,970 - CIFRepairEvaluator - INFO - num_invalid_cif: 1
