2025-09-18 19:32:32,998 - CIFRepairEvaluator - INFO - Starting evaluation with 20 samples in batches of 1
2025-09-18 19:32:32,999 - CIFRepairEvaluator - INFO - Resuming from index 10
2025-09-18 19:32:33,002 - CIFRepairEvaluator - DEBUG - Processing batch 1 of 20
2025-09-18 19:33:01,294 - CIFRepairEvaluator - DEBUG - Processing batch 2 of 20
2025-09-18 19:33:20,784 - CIFRepairEvaluator - DEBUG - Processing batch 3 of 20
2025-09-18 19:33:39,683 - CIFRepairEvaluator - DEBUG - Processing batch 4 of 20
2025-09-18 19:33:55,654 - CIFRepairEvaluator - DEBUG - Processing batch 5 of 20
2025-09-18 19:34:33,450 - CIFRepairEvaluator - DEBUG - Processing batch 6 of 20
2025-09-18 19:34:52,314 - CIFRepairEvaluator - DEBUG - Processing batch 7 of 20
2025-09-18 19:35:11,413 - CIFRepairEvaluator - DEBUG - Processing batch 8 of 20
2025-09-18 19:35:29,602 - CIFRepairEvaluator - DEBUG - Processing batch 9 of 20
2025-09-18 19:36:15,585 - CIFRepairEvaluator - DEBUG - Processing batch 10 of 20
2025-09-18 19:36:46,069 - CIFRepairEvaluator - DEBUG - Processing batch 11 of 20
2025-09-18 19:37:14,433 - CIFRepairEvaluator - DEBUG - Processing batch 12 of 20
2025-09-18 19:37:35,462 - CIFRepairEvaluator - INFO - Evaluation completed
2025-09-18 19:37:35,462 - CIFRepairEvaluator - INFO - summary: {'total_samples': 12, 'success_count': 11, 'error_count': 1, 'success_rate': 0.9166666666666666, 'error_types': {'CIFParsingError': {'count': 1, 'percentage': 1.0}}} - statistics: {}
2025-09-18 19:37:35,465 - CIFRepairEvaluator - INFO - Saved metrics to /scratch/pawsey1151/alexchen5/AtomWorldBench/results/CifRepair/o3/20250918_193232/metrics.json
2025-09-18 19:37:35,474 - CIFRepairEvaluator - INFO - Evaluation results saved to /scratch/pawsey1151/alexchen5/AtomWorldBench/results/CifRepair/o3/20250918_193232/evaluation_results.csv
2025-09-18 19:37:35,477 - CIFRepairEvaluator - INFO - Failed cases saved to /scratch/pawsey1151/alexchen5/AtomWorldBench/results/CifRepair/o3/20250918_193232/evaluation_wrongs.csv
2025-09-18 19:37:35,477 - CIFRepairEvaluator - INFO - 
======== Evaluation Summary ========
2025-09-18 19:37:35,477 - CIFRepairEvaluator - INFO - Total inputs: 22
2025-09-18 19:37:35,477 - CIFRepairEvaluator - INFO - num_unreadable_out: 0
2025-09-18 19:37:35,477 - CIFRepairEvaluator - INFO - num_invalid_cif: 1
