2025-09-18 19:35:01,045 - AtomWorldEvaluator - INFO - Starting evaluation with 50 samples in batches of 5
2025-09-18 19:35:01,047 - AtomWorldEvaluator - DEBUG - Processing batch 1 of 10
2025-09-18 19:36:25,913 - AtomWorldEvaluator - DEBUG - Processing batch 2 of 10
2025-09-18 19:37:17,970 - AtomWorldEvaluator - DEBUG - Processing batch 3 of 10
2025-09-18 19:37:45,338 - AtomWorldEvaluator - DEBUG - Processing batch 4 of 10
2025-09-18 19:38:13,387 - AtomWorldEvaluator - DEBUG - Processing batch 5 of 10
2025-09-18 19:38:39,315 - AtomWorldEvaluator - DEBUG - Processing batch 6 of 10
2025-09-18 19:39:08,317 - AtomWorldEvaluator - DEBUG - Processing batch 7 of 10
2025-09-18 19:39:44,095 - AtomWorldEvaluator - DEBUG - Processing batch 8 of 10
2025-09-18 19:41:06,475 - AtomWorldEvaluator - DEBUG - Processing batch 9 of 10
2025-09-18 19:42:11,368 - AtomWorldEvaluator - DEBUG - Processing batch 10 of 10
2025-09-18 19:43:19,162 - AtomWorldEvaluator - INFO - Evaluation completed
2025-09-18 19:43:19,162 - AtomWorldEvaluator - INFO - summary: {'total_samples': 50, 'success_count': 4, 'error_count': 46, 'success_rate': 0.08, 'error_types': {'StructureMismatch': {'count': 38, 'percentage': 0.8260869565217391}, 'AtomCountMismatch': {'count': 7, 'percentage': 0.15217391304347827}, 'CIFParsingError': {'count': 1, 'percentage': 0.021739130434782608}}} - statistics: {'rmsd_mean': np.float64(0.01868945631310616), 'rmsd_median': np.float64(0.029837908165379654), 'rmsd_max': np.float64(0.03497974286465278), 'rmsd_min': np.float64(2.195124499059645e-06), 'max_diff_mean': np.float64(0.02867631150510792), 'max_diff_median': np.float64(0.04860996531664962), 'max_diff_max': np.float64(0.05208894749880792), 'max_diff_min': np.float64(2.217034175143701e-06)}
2025-09-18 19:43:19,165 - AtomWorldEvaluator - INFO - Saved metrics to /scratch/pawsey1151/alexchen5/AtomWorldBench/results/AtomWorld/o4_mini/swap_atoms_action/20250918_193500/metrics.json
2025-09-18 19:43:19,169 - AtomWorldEvaluator - INFO - Evaluation results saved to /scratch/pawsey1151/alexchen5/AtomWorldBench/results/AtomWorld/o4_mini/swap_atoms_action/20250918_193500/evaluation_results.csv
2025-09-18 19:43:19,176 - AtomWorldEvaluator - INFO - Failed cases saved to /scratch/pawsey1151/alexchen5/AtomWorldBench/results/AtomWorld/o4_mini/swap_atoms_action/20250918_193500/evaluation_wrongs.csv
2025-09-18 19:43:19,176 - AtomWorldEvaluator - INFO - 
======== Evaluation Summary ========
2025-09-18 19:43:19,176 - AtomWorldEvaluator - INFO - Total inputs: 998
2025-09-18 19:43:19,176 - AtomWorldEvaluator - INFO - num_unreadable_out: 0
2025-09-18 19:43:19,176 - AtomWorldEvaluator - INFO - num_invalid_cif: 46
