2025-11-17 08:37:41,915 - AtomWorldEvaluator - INFO - Starting evaluation with 6 samples in batches of 6
2025-11-17 08:37:41,917 - AtomWorldEvaluator - INFO - Repeating each frame 10 time(s)
2025-11-17 08:37:41,918 - AtomWorldEvaluator - DEBUG - Processing batch 1 of all
2025-11-17 08:43:50,998 - AtomWorldEvaluator - DEBUG - Processing batch 2 of all
2025-11-17 08:52:40,940 - AtomWorldEvaluator - DEBUG - Processing batch 3 of all
2025-11-17 09:02:15,712 - AtomWorldEvaluator - DEBUG - Processing batch 4 of all
2025-11-17 09:14:12,701 - AtomWorldEvaluator - DEBUG - Processing batch 5 of all
2025-11-17 09:25:01,309 - AtomWorldEvaluator - DEBUG - Processing batch 6 of all
2025-11-17 09:31:10,433 - AtomWorldEvaluator - DEBUG - Processing batch 7 of all
2025-11-17 09:38:03,666 - AtomWorldEvaluator - DEBUG - Processing batch 8 of all
2025-11-17 09:45:46,151 - AtomWorldEvaluator - DEBUG - Processing batch 9 of all
2025-11-17 09:54:44,482 - AtomWorldEvaluator - DEBUG - Processing batch 10 of all
2025-11-17 10:03:48,120 - AtomWorldEvaluator - INFO - Evaluation completed
2025-11-17 10:03:48,121 - AtomWorldEvaluator - INFO - summary: {'total_samples': 60, 'success_count': 9, 'error_count': 51, 'success_rate': 0.15, 'error_types': {'StructureMismatch': {'count': 20, 'percentage': 0.39215686274509803}, 'OutputFormatError': {'count': 28, 'percentage': 0.5490196078431373}, 'AtomCountMismatch': {'count': 2, 'percentage': 0.0392156862745098}, 'CIFParsingError': {'count': 1, 'percentage': 0.0196078431372549}}} - statistics: {'rmsd_mean': np.float64(0.01757237157296287), 'rmsd_median': np.float64(0.0034730687134959136), 'rmsd_max': np.float64(0.10130852045306771), 'rmsd_min': np.float64(0.0017613008865390166), 'max_diff_mean': np.float64(0.08085001703896473), 'max_diff_median': np.float64(0.012031062939905598), 'max_diff_max': np.float64(0.4963083634126584), 'max_diff_min': np.float64(0.006101325245803366)}
2025-11-17 10:03:48,192 - AtomWorldEvaluator - INFO - Saved metrics to /scratch/pawsey1151/alexchen5/AtomWorldBench/results/AtomWorld/qwen3_4B/insert_between_atoms_action_natoms/20251117_083739/metrics.json
2025-11-17 10:03:48,770 - AtomWorldEvaluator - INFO - Evaluation results saved to /scratch/pawsey1151/alexchen5/AtomWorldBench/results/AtomWorld/qwen3_4B/insert_between_atoms_action_natoms/20251117_083739/evaluation_results.csv
2025-11-17 10:03:50,173 - AtomWorldEvaluator - INFO - Failed cases saved to /scratch/pawsey1151/alexchen5/AtomWorldBench/results/AtomWorld/qwen3_4B/insert_between_atoms_action_natoms/20251117_083739/evaluation_wrongs.csv
2025-11-17 10:03:50,173 - AtomWorldEvaluator - INFO - 
======== Evaluation Summary ========
2025-11-17 10:03:50,174 - AtomWorldEvaluator - INFO - Total inputs: 6
2025-11-17 10:03:50,174 - AtomWorldEvaluator - INFO - num_unreadable_out: 28
2025-11-17 10:03:50,174 - AtomWorldEvaluator - INFO - num_invalid_cif: 23
