2026-03-26 22:27:22,243 - AtomWorldEvaluator - INFO - Starting evaluation with 250 samples in batches of 5
2026-03-26 22:27:22,250 - AtomWorldEvaluator - INFO - Repeating each frame 1 time(s)
2026-03-26 22:27:22,253 - AtomWorldEvaluator - DEBUG - Processing batch 1 of 50
2026-03-26 22:28:07,626 - AtomWorldEvaluator - DEBUG - Processing batch 2 of 50
2026-03-26 22:28:48,033 - AtomWorldEvaluator - DEBUG - Processing batch 3 of 50
2026-03-26 22:29:10,889 - AtomWorldEvaluator - DEBUG - Processing batch 4 of 50
2026-03-26 22:29:29,635 - AtomWorldEvaluator - DEBUG - Processing batch 5 of 50
2026-03-26 22:29:43,135 - AtomWorldEvaluator - DEBUG - Processing batch 6 of 50
2026-03-26 22:30:08,252 - AtomWorldEvaluator - DEBUG - Processing batch 7 of 50
2026-03-26 22:30:31,262 - AtomWorldEvaluator - DEBUG - Processing batch 8 of 50
2026-03-26 22:31:09,131 - AtomWorldEvaluator - DEBUG - Processing batch 9 of 50
2026-03-26 22:31:40,827 - AtomWorldEvaluator - DEBUG - Processing batch 10 of 50
2026-03-26 22:32:10,975 - AtomWorldEvaluator - DEBUG - Processing batch 11 of 50
2026-03-26 22:32:44,464 - AtomWorldEvaluator - DEBUG - Processing batch 12 of 50
2026-03-26 22:33:14,404 - AtomWorldEvaluator - DEBUG - Processing batch 13 of 50
2026-03-26 22:34:13,399 - AtomWorldEvaluator - DEBUG - Processing batch 14 of 50
2026-03-26 22:34:39,566 - AtomWorldEvaluator - DEBUG - Processing batch 15 of 50
2026-03-26 22:35:00,599 - AtomWorldEvaluator - DEBUG - Processing batch 16 of 50
2026-03-26 22:35:22,105 - AtomWorldEvaluator - DEBUG - Processing batch 17 of 50
2026-03-26 22:35:47,092 - AtomWorldEvaluator - DEBUG - Processing batch 18 of 50
2026-03-26 22:36:08,038 - AtomWorldEvaluator - DEBUG - Processing batch 19 of 50
2026-03-26 22:36:33,220 - AtomWorldEvaluator - DEBUG - Processing batch 20 of 50
2026-03-26 22:37:28,059 - AtomWorldEvaluator - DEBUG - Processing batch 21 of 50
2026-03-26 22:37:48,043 - AtomWorldEvaluator - DEBUG - Processing batch 22 of 50
2026-03-26 22:38:02,092 - AtomWorldEvaluator - DEBUG - Processing batch 23 of 50
2026-03-26 22:38:32,607 - AtomWorldEvaluator - DEBUG - Processing batch 24 of 50
2026-03-26 22:38:54,054 - AtomWorldEvaluator - DEBUG - Processing batch 25 of 50
2026-03-26 22:39:06,197 - AtomWorldEvaluator - DEBUG - Processing batch 26 of 50
2026-03-26 22:39:39,305 - AtomWorldEvaluator - DEBUG - Processing batch 27 of 50
2026-03-26 22:40:16,543 - AtomWorldEvaluator - DEBUG - Processing batch 28 of 50
2026-03-26 22:40:54,375 - AtomWorldEvaluator - DEBUG - Processing batch 29 of 50
2026-03-26 22:41:24,126 - AtomWorldEvaluator - DEBUG - Processing batch 30 of 50
2026-03-26 22:41:50,309 - AtomWorldEvaluator - DEBUG - Processing batch 31 of 50
2026-03-26 22:42:36,512 - AtomWorldEvaluator - DEBUG - Processing batch 32 of 50
2026-03-26 22:43:27,443 - AtomWorldEvaluator - DEBUG - Processing batch 33 of 50
2026-03-26 22:44:27,523 - AtomWorldEvaluator - DEBUG - Processing batch 34 of 50
2026-03-26 22:45:10,196 - AtomWorldEvaluator - DEBUG - Processing batch 35 of 50
2026-03-26 22:46:03,791 - AtomWorldEvaluator - DEBUG - Processing batch 36 of 50
2026-03-26 22:46:57,251 - AtomWorldEvaluator - DEBUG - Processing batch 37 of 50
2026-03-26 22:47:26,204 - AtomWorldEvaluator - DEBUG - Processing batch 38 of 50
2026-03-26 22:47:56,341 - AtomWorldEvaluator - DEBUG - Processing batch 39 of 50
2026-03-26 22:48:19,791 - AtomWorldEvaluator - DEBUG - Processing batch 40 of 50
2026-03-26 22:48:39,808 - AtomWorldEvaluator - DEBUG - Processing batch 41 of 50
2026-03-26 22:49:09,918 - AtomWorldEvaluator - DEBUG - Processing batch 42 of 50
2026-03-26 22:49:31,631 - AtomWorldEvaluator - DEBUG - Processing batch 43 of 50
2026-03-26 22:49:58,920 - AtomWorldEvaluator - DEBUG - Processing batch 44 of 50
2026-03-26 22:50:44,306 - AtomWorldEvaluator - DEBUG - Processing batch 45 of 50
2026-03-26 22:51:30,105 - AtomWorldEvaluator - DEBUG - Processing batch 46 of 50
2026-03-26 22:52:23,029 - AtomWorldEvaluator - DEBUG - Processing batch 47 of 50
2026-03-26 22:53:19,018 - AtomWorldEvaluator - DEBUG - Processing batch 48 of 50
2026-03-26 22:54:07,934 - AtomWorldEvaluator - DEBUG - Processing batch 49 of 50
2026-03-26 22:54:44,135 - AtomWorldEvaluator - DEBUG - Processing batch 50 of 50
2026-03-26 22:55:24,470 - AtomWorldEvaluator - INFO - Evaluation completed
2026-03-26 22:55:24,470 - AtomWorldEvaluator - INFO - summary: {'total_samples': 250, 'success_count': 250, 'error_count': 0, 'success_rate': 1.0, 'error_types': {}} - statistics: {'rmsd_mean': np.float64(7.689811433316428e-08), 'rmsd_median': np.float64(2.982702013242364e-16), 'rmsd_max': np.float64(2.236689368516856e-06), 'rmsd_min': np.float64(0.0), 'max_diff_mean': np.float64(1.29785145110361e-07), 'max_diff_median': np.float64(6.644084890616827e-16), 'max_diff_max': np.float64(3.81577921084331e-06), 'max_diff_min': np.float64(0.0)}
2026-03-26 22:55:24,478 - AtomWorldEvaluator - INFO - Saved metrics to /scratch/pawsey1302/alexchen5/AtomWorldBench/results/AtomWorld/o3/change_atom_action/20260326_222721/metrics.json
2026-03-26 22:55:24,504 - AtomWorldEvaluator - INFO - Evaluation results saved to /scratch/pawsey1302/alexchen5/AtomWorldBench/results/AtomWorld/o3/change_atom_action/20260326_222721/evaluation_results.csv
2026-03-26 22:55:24,504 - AtomWorldEvaluator - INFO - 
======== Evaluation Summary ========
2026-03-26 22:55:24,504 - AtomWorldEvaluator - INFO - Total inputs: 1000
2026-03-26 22:55:24,505 - AtomWorldEvaluator - INFO - num_unreadable_out: 0
2026-03-26 22:55:24,505 - AtomWorldEvaluator - INFO - num_invalid_cif: 0
