2025-09-18 19:35:01,043 - AtomWorldEvaluator - INFO - Starting evaluation with 50 samples in batches of 5
2025-09-18 19:35:01,046 - AtomWorldEvaluator - DEBUG - Processing batch 1 of 10
2025-09-18 19:35:52,765 - AtomWorldEvaluator - DEBUG - Processing batch 2 of 10
2025-09-18 19:36:30,431 - AtomWorldEvaluator - DEBUG - Processing batch 3 of 10
2025-09-18 19:36:57,365 - AtomWorldEvaluator - DEBUG - Processing batch 4 of 10
2025-09-18 19:37:18,492 - AtomWorldEvaluator - DEBUG - Processing batch 5 of 10
2025-09-18 19:37:34,768 - AtomWorldEvaluator - DEBUG - Processing batch 6 of 10
2025-09-18 19:37:53,700 - AtomWorldEvaluator - DEBUG - Processing batch 7 of 10
2025-09-18 19:38:15,759 - AtomWorldEvaluator - DEBUG - Processing batch 8 of 10
2025-09-18 19:38:53,241 - AtomWorldEvaluator - DEBUG - Processing batch 9 of 10
2025-09-18 19:39:46,815 - AtomWorldEvaluator - DEBUG - Processing batch 10 of 10
2025-09-18 19:40:24,995 - AtomWorldEvaluator - INFO - Evaluation completed
2025-09-18 19:40:24,995 - AtomWorldEvaluator - INFO - summary: {'total_samples': 50, 'success_count': 50, 'error_count': 0, 'success_rate': 1.0, 'error_types': {}} - statistics: {'rmsd_mean': np.float64(1.412409706160752e-07), 'rmsd_median': np.float64(2.5651781904682654e-16), 'rmsd_max': np.float64(3.861860020260508e-06), 'rmsd_min': np.float64(0.0), 'max_diff_mean': np.float64(2.1573298874390396e-07), 'max_diff_median': np.float64(6.152478074171239e-16), 'max_diff_max': np.float64(5.856650998313393e-06), 'max_diff_min': np.float64(0.0)}
2025-09-18 19:40:24,998 - AtomWorldEvaluator - INFO - Saved metrics to /scratch/pawsey1151/alexchen5/AtomWorldBench/results/AtomWorld/o4_mini/remove_atom_action/20250918_193500/metrics.json
2025-09-18 19:40:25,016 - AtomWorldEvaluator - INFO - Evaluation results saved to /scratch/pawsey1151/alexchen5/AtomWorldBench/results/AtomWorld/o4_mini/remove_atom_action/20250918_193500/evaluation_results.csv
2025-09-18 19:40:25,016 - AtomWorldEvaluator - INFO - 
======== Evaluation Summary ========
2025-09-18 19:40:25,016 - AtomWorldEvaluator - INFO - Total inputs: 1000
2025-09-18 19:40:25,016 - AtomWorldEvaluator - INFO - num_unreadable_out: 0
2025-09-18 19:40:25,016 - AtomWorldEvaluator - INFO - num_invalid_cif: 0
