2025-11-17 18:03:25,311 - AtomWorldEvaluator - INFO - Starting evaluation with 6 samples in batches of 6
2025-11-17 18:03:25,312 - AtomWorldEvaluator - INFO - Repeating each frame 10 time(s)
2025-11-17 18:03:25,312 - AtomWorldEvaluator - DEBUG - Processing batch 1 of all
2025-11-17 18:12:25,914 - AtomWorldEvaluator - DEBUG - Processing batch 2 of all
2025-11-17 18:27:45,576 - AtomWorldEvaluator - DEBUG - Processing batch 3 of all
2025-11-17 18:45:15,602 - AtomWorldEvaluator - DEBUG - Processing batch 4 of all
2025-11-17 19:02:41,864 - AtomWorldEvaluator - DEBUG - Processing batch 5 of all
2025-11-17 19:20:05,647 - AtomWorldEvaluator - DEBUG - Processing batch 6 of all
2025-11-17 19:28:37,092 - AtomWorldEvaluator - DEBUG - Processing batch 7 of all
2025-11-17 19:39:38,529 - AtomWorldEvaluator - DEBUG - Processing batch 8 of all
2025-11-17 19:52:49,151 - AtomWorldEvaluator - DEBUG - Processing batch 9 of all
2025-11-17 20:08:28,584 - AtomWorldEvaluator - DEBUG - Processing batch 10 of all
2025-11-17 20:24:11,301 - AtomWorldEvaluator - INFO - Evaluation completed
2025-11-17 20:24:11,302 - AtomWorldEvaluator - INFO - summary: {'total_samples': 60, 'success_count': 29, 'error_count': 31, 'success_rate': 0.48333333333333334, 'error_types': {'StructureMismatch': {'count': 7, 'percentage': 0.22580645161290322}, 'OutputFormatError': {'count': 23, 'percentage': 0.7419354838709677}, 'CIFParsingError': {'count': 1, 'percentage': 0.03225806451612903}}} - statistics: {'rmsd_mean': 0.03595930463724263, 'rmsd_median': 0.0007292202351218791, 'rmsd_max': 0.11406613648138125, 'rmsd_min': 2.771682908024201e-16, 'max_diff_mean': 0.17465585558995572, 'max_diff_median': 0.006825532410296204, 'max_diff_max': 0.49917244882890627, 'max_diff_min': 6.910662279969793e-16}
2025-11-17 20:24:16,287 - AtomWorldEvaluator - INFO - Saved metrics to /scratch/pawsey1151/alexchen5/AtomWorldBench/results/AtomWorld/qwen3_32B/insert_between_atoms_action_natoms/20251117_180325/metrics.json
2025-11-17 20:24:16,576 - AtomWorldEvaluator - INFO - Evaluation results saved to /scratch/pawsey1151/alexchen5/AtomWorldBench/results/AtomWorld/qwen3_32B/insert_between_atoms_action_natoms/20251117_180325/evaluation_results.csv
2025-11-17 20:24:16,833 - AtomWorldEvaluator - INFO - Failed cases saved to /scratch/pawsey1151/alexchen5/AtomWorldBench/results/AtomWorld/qwen3_32B/insert_between_atoms_action_natoms/20251117_180325/evaluation_wrongs.csv
2025-11-17 20:24:16,833 - AtomWorldEvaluator - INFO - 
======== Evaluation Summary ========
2025-11-17 20:24:16,833 - AtomWorldEvaluator - INFO - Total inputs: 6
2025-11-17 20:24:16,833 - AtomWorldEvaluator - INFO - num_unreadable_out: 23
2025-11-17 20:24:16,833 - AtomWorldEvaluator - INFO - num_invalid_cif: 8
