2026-03-26 08:27:45,446 - AtomWorldEvaluator - INFO - Starting evaluation with 250 samples in batches of 5
2026-03-26 08:27:45,447 - AtomWorldEvaluator - INFO - Repeating each frame 1 time(s)
2026-03-26 08:27:45,449 - AtomWorldEvaluator - DEBUG - Processing batch 1 of 50
2026-03-26 08:28:31,197 - AtomWorldEvaluator - DEBUG - Processing batch 2 of 50
2026-03-26 08:29:23,100 - AtomWorldEvaluator - DEBUG - Processing batch 3 of 50
2026-03-26 08:30:01,475 - AtomWorldEvaluator - DEBUG - Processing batch 4 of 50
2026-03-26 08:30:34,523 - AtomWorldEvaluator - DEBUG - Processing batch 5 of 50
2026-03-26 08:31:26,279 - AtomWorldEvaluator - DEBUG - Processing batch 6 of 50
2026-03-26 08:32:02,989 - AtomWorldEvaluator - DEBUG - Processing batch 7 of 50
2026-03-26 08:32:45,862 - AtomWorldEvaluator - DEBUG - Processing batch 8 of 50
2026-03-26 08:33:37,472 - AtomWorldEvaluator - DEBUG - Processing batch 9 of 50
2026-03-26 08:35:23,030 - AtomWorldEvaluator - DEBUG - Processing batch 10 of 50
2026-03-26 08:37:27,665 - AtomWorldEvaluator - DEBUG - Processing batch 11 of 50
2026-03-26 08:38:17,388 - AtomWorldEvaluator - DEBUG - Processing batch 12 of 50
2026-03-26 08:39:50,564 - AtomWorldEvaluator - DEBUG - Processing batch 13 of 50
2026-03-26 08:41:08,235 - AtomWorldEvaluator - DEBUG - Processing batch 14 of 50
2026-03-26 08:42:40,721 - AtomWorldEvaluator - DEBUG - Processing batch 15 of 50
2026-03-26 08:44:41,563 - AtomWorldEvaluator - DEBUG - Processing batch 16 of 50
2026-03-26 08:45:18,236 - AtomWorldEvaluator - DEBUG - Processing batch 17 of 50
2026-03-26 08:46:12,997 - AtomWorldEvaluator - DEBUG - Processing batch 18 of 50
2026-03-26 08:47:42,592 - AtomWorldEvaluator - DEBUG - Processing batch 19 of 50
2026-03-26 08:49:09,825 - AtomWorldEvaluator - DEBUG - Processing batch 20 of 50
2026-03-26 08:50:22,623 - AtomWorldEvaluator - DEBUG - Processing batch 21 of 50
2026-03-26 08:51:18,002 - AtomWorldEvaluator - DEBUG - Processing batch 22 of 50
2026-03-26 08:52:08,631 - AtomWorldEvaluator - DEBUG - Processing batch 23 of 50
2026-03-26 08:52:54,619 - AtomWorldEvaluator - DEBUG - Processing batch 24 of 50
2026-03-26 08:54:28,790 - AtomWorldEvaluator - DEBUG - Processing batch 25 of 50
2026-03-26 08:55:12,908 - AtomWorldEvaluator - DEBUG - Processing batch 26 of 50
2026-03-26 08:56:03,832 - AtomWorldEvaluator - DEBUG - Processing batch 27 of 50
2026-03-26 08:57:15,538 - AtomWorldEvaluator - DEBUG - Processing batch 28 of 50
2026-03-26 08:58:03,419 - AtomWorldEvaluator - DEBUG - Processing batch 29 of 50
2026-03-26 08:59:38,124 - AtomWorldEvaluator - DEBUG - Processing batch 30 of 50
2026-03-26 09:00:52,173 - AtomWorldEvaluator - DEBUG - Processing batch 31 of 50
2026-03-26 09:02:34,451 - AtomWorldEvaluator - DEBUG - Processing batch 32 of 50
2026-03-26 09:03:44,398 - AtomWorldEvaluator - DEBUG - Processing batch 33 of 50
2026-03-26 09:04:50,405 - AtomWorldEvaluator - DEBUG - Processing batch 34 of 50
2026-03-26 09:06:17,928 - AtomWorldEvaluator - DEBUG - Processing batch 35 of 50
2026-03-26 09:07:13,157 - AtomWorldEvaluator - DEBUG - Processing batch 36 of 50
2026-03-26 09:08:29,123 - AtomWorldEvaluator - DEBUG - Processing batch 37 of 50
2026-03-26 09:10:03,042 - AtomWorldEvaluator - DEBUG - Processing batch 38 of 50
2026-03-26 09:11:25,441 - AtomWorldEvaluator - DEBUG - Processing batch 39 of 50
2026-03-26 09:13:16,000 - AtomWorldEvaluator - DEBUG - Processing batch 40 of 50
2026-03-26 09:14:53,350 - AtomWorldEvaluator - DEBUG - Processing batch 41 of 50
2026-03-26 09:16:18,598 - AtomWorldEvaluator - DEBUG - Processing batch 42 of 50
2026-03-26 09:18:02,202 - AtomWorldEvaluator - DEBUG - Processing batch 43 of 50
2026-03-26 09:19:43,000 - AtomWorldEvaluator - DEBUG - Processing batch 44 of 50
2026-03-26 09:20:18,959 - AtomWorldEvaluator - DEBUG - Processing batch 45 of 50
2026-03-26 09:21:25,407 - AtomWorldEvaluator - DEBUG - Processing batch 46 of 50
2026-03-26 09:22:45,445 - AtomWorldEvaluator - DEBUG - Processing batch 47 of 50
2026-03-26 09:24:09,941 - AtomWorldEvaluator - DEBUG - Processing batch 48 of 50
2026-03-26 09:25:41,515 - AtomWorldEvaluator - DEBUG - Processing batch 49 of 50
2026-03-26 09:26:48,699 - AtomWorldEvaluator - DEBUG - Processing batch 50 of 50
2026-03-26 09:27:53,798 - AtomWorldEvaluator - INFO - Evaluation completed
2026-03-26 09:27:53,798 - AtomWorldEvaluator - INFO - summary: {'total_samples': 250, 'success_count': 221, 'error_count': 29, 'success_rate': 0.884, 'error_types': {'OutputFormatError': {'count': 15, 'percentage': 0.5172413793103449}, 'StructureMismatch': {'count': 13, 'percentage': 0.4482758620689655}, 'AtomCountMismatch': {'count': 1, 'percentage': 0.034482758620689655}}} - statistics: {'rmsd_mean': np.float64(3.885545874120133e-08), 'rmsd_median': np.float64(4.825029573904227e-16), 'rmsd_max': np.float64(2.202647736734609e-06), 'rmsd_min': np.float64(1.2040541159377071e-32), 'max_diff_mean': np.float64(5.337734974054908e-08), 'max_diff_median': np.float64(1.0411536213324369e-15), 'max_diff_max': np.float64(2.8104706839338014e-06), 'max_diff_min': np.float64(3.951495884654552e-32)}
2026-03-26 09:27:53,802 - AtomWorldEvaluator - INFO - Saved metrics to /scratch/pawsey1302/alexchen5/AtomWorldBench/results/AtomWorld/gemini_2_5_pro/swap_atoms_action/20260326_082745/metrics.json
2026-03-26 09:27:53,826 - AtomWorldEvaluator - INFO - Evaluation results saved to /scratch/pawsey1302/alexchen5/AtomWorldBench/results/AtomWorld/gemini_2_5_pro/swap_atoms_action/20260326_082745/evaluation_results.csv
2026-03-26 09:27:53,830 - AtomWorldEvaluator - INFO - Failed cases saved to /scratch/pawsey1302/alexchen5/AtomWorldBench/results/AtomWorld/gemini_2_5_pro/swap_atoms_action/20260326_082745/evaluation_wrongs.csv
2026-03-26 09:27:53,830 - AtomWorldEvaluator - INFO - 
======== Evaluation Summary ========
2026-03-26 09:27:53,830 - AtomWorldEvaluator - INFO - Total inputs: 998
2026-03-26 09:27:53,830 - AtomWorldEvaluator - INFO - num_unreadable_out: 15
2026-03-26 09:27:53,830 - AtomWorldEvaluator - INFO - num_invalid_cif: 14
