2025-09-18 19:35:03,748 - AtomWorldEvaluator - INFO - Starting evaluation with 50 samples in batches of 5
2025-09-18 19:35:03,751 - AtomWorldEvaluator - DEBUG - Processing batch 1 of 10
2025-09-18 19:35:48,308 - AtomWorldEvaluator - DEBUG - Processing batch 2 of 10
2025-09-18 19:36:47,323 - AtomWorldEvaluator - DEBUG - Processing batch 3 of 10
2025-09-18 19:37:04,074 - AtomWorldEvaluator - DEBUG - Processing batch 4 of 10
2025-09-18 19:37:31,552 - AtomWorldEvaluator - DEBUG - Processing batch 5 of 10
2025-09-18 19:37:57,448 - AtomWorldEvaluator - DEBUG - Processing batch 6 of 10
2025-09-18 19:38:35,371 - AtomWorldEvaluator - DEBUG - Processing batch 7 of 10
2025-09-18 19:39:18,551 - AtomWorldEvaluator - DEBUG - Processing batch 8 of 10
2025-09-18 19:40:06,203 - AtomWorldEvaluator - DEBUG - Processing batch 9 of 10
2025-09-18 19:40:58,555 - AtomWorldEvaluator - DEBUG - Processing batch 10 of 10
2025-09-18 19:41:47,724 - AtomWorldEvaluator - INFO - Evaluation completed
2025-09-18 19:41:47,725 - AtomWorldEvaluator - INFO - summary: {'total_samples': 50, 'success_count': 9, 'error_count': 41, 'success_rate': 0.18, 'error_types': {'AtomCountMismatch': {'count': 38, 'percentage': 0.926829268292683}, 'CIFParsingError': {'count': 3, 'percentage': 0.07317073170731707}}} - statistics: {'rmsd_mean': np.float64(1.5928457379338586e-16), 'rmsd_median': np.float64(1.2632691894026988e-16), 'rmsd_max': np.float64(3.7099329749547247e-16), 'rmsd_min': np.float64(5.593081601933395e-17), 'max_diff_mean': np.float64(2.529377566929295e-16), 'max_diff_median': np.float64(1.8266527048158507e-16), 'max_diff_max': np.float64(5.574148096804622e-16), 'max_diff_min': np.float64(7.909811856913644e-17)}
2025-09-18 19:41:47,728 - AtomWorldEvaluator - INFO - Saved metrics to /scratch/pawsey1151/alexchen5/AtomWorldBench/results/AtomWorld/o4_mini/delete_below_atom_action/20250918_193503/metrics.json
2025-09-18 19:41:47,736 - AtomWorldEvaluator - INFO - Evaluation results saved to /scratch/pawsey1151/alexchen5/AtomWorldBench/results/AtomWorld/o4_mini/delete_below_atom_action/20250918_193503/evaluation_results.csv
2025-09-18 19:41:47,742 - AtomWorldEvaluator - INFO - Failed cases saved to /scratch/pawsey1151/alexchen5/AtomWorldBench/results/AtomWorld/o4_mini/delete_below_atom_action/20250918_193503/evaluation_wrongs.csv
2025-09-18 19:41:47,742 - AtomWorldEvaluator - INFO - 
======== Evaluation Summary ========
2025-09-18 19:41:47,742 - AtomWorldEvaluator - INFO - Total inputs: 999
2025-09-18 19:41:47,742 - AtomWorldEvaluator - INFO - num_unreadable_out: 0
2025-09-18 19:41:47,742 - AtomWorldEvaluator - INFO - num_invalid_cif: 41
