2025-09-18 19:35:14,744 - AtomWorldEvaluator - INFO - Starting evaluation with 50 samples in batches of 5
2025-09-18 19:35:14,746 - AtomWorldEvaluator - DEBUG - Processing batch 1 of 10
2025-09-18 19:35:49,064 - AtomWorldEvaluator - DEBUG - Processing batch 2 of 10
2025-09-18 19:37:19,854 - AtomWorldEvaluator - DEBUG - Processing batch 3 of 10
2025-09-18 19:37:33,242 - AtomWorldEvaluator - DEBUG - Processing batch 4 of 10
2025-09-18 19:37:45,326 - AtomWorldEvaluator - DEBUG - Processing batch 5 of 10
2025-09-18 19:38:03,581 - AtomWorldEvaluator - DEBUG - Processing batch 6 of 10
2025-09-18 19:38:35,827 - AtomWorldEvaluator - DEBUG - Processing batch 7 of 10
2025-09-18 19:38:55,927 - AtomWorldEvaluator - DEBUG - Processing batch 8 of 10
2025-09-18 19:40:06,472 - AtomWorldEvaluator - DEBUG - Processing batch 9 of 10
2025-09-18 19:41:20,651 - AtomWorldEvaluator - DEBUG - Processing batch 10 of 10
2025-09-18 19:42:01,701 - AtomWorldEvaluator - INFO - Evaluation completed
2025-09-18 19:42:01,701 - AtomWorldEvaluator - INFO - summary: {'total_samples': 50, 'success_count': 50, 'error_count': 0, 'success_rate': 1.0, 'error_types': {}} - statistics: {'rmsd_mean': np.float64(1.412409706160752e-07), 'rmsd_median': np.float64(2.5651781904682654e-16), 'rmsd_max': np.float64(3.861860020260508e-06), 'rmsd_min': np.float64(0.0), 'max_diff_mean': np.float64(2.1573298874390396e-07), 'max_diff_median': np.float64(6.152478074171239e-16), 'max_diff_max': np.float64(5.856650998313393e-06), 'max_diff_min': np.float64(0.0)}
2025-09-18 19:42:01,703 - AtomWorldEvaluator - INFO - Saved metrics to /scratch/pawsey1151/alexchen5/AtomWorldBench/results/AtomWorld/o3/remove_atom_action/20250918_193514/metrics.json
2025-09-18 19:42:01,724 - AtomWorldEvaluator - INFO - Evaluation results saved to /scratch/pawsey1151/alexchen5/AtomWorldBench/results/AtomWorld/o3/remove_atom_action/20250918_193514/evaluation_results.csv
2025-09-18 19:42:01,724 - AtomWorldEvaluator - INFO - 
======== Evaluation Summary ========
2025-09-18 19:42:01,724 - AtomWorldEvaluator - INFO - Total inputs: 1000
2025-09-18 19:42:01,724 - AtomWorldEvaluator - INFO - num_unreadable_out: 0
2025-09-18 19:42:01,724 - AtomWorldEvaluator - INFO - num_invalid_cif: 0
