2025-09-18 19:35:14,753 - AtomWorldEvaluator - INFO - Starting evaluation with 50 samples in batches of 5
2025-09-18 19:35:14,755 - AtomWorldEvaluator - DEBUG - Processing batch 1 of 10
2025-09-18 19:36:13,448 - AtomWorldEvaluator - DEBUG - Processing batch 2 of 10
2025-09-18 19:37:41,520 - AtomWorldEvaluator - DEBUG - Processing batch 3 of 10
2025-09-18 19:38:18,820 - AtomWorldEvaluator - DEBUG - Processing batch 4 of 10
2025-09-18 19:39:01,914 - AtomWorldEvaluator - DEBUG - Processing batch 5 of 10
2025-09-18 19:39:45,044 - AtomWorldEvaluator - DEBUG - Processing batch 6 of 10
2025-09-18 19:40:27,968 - AtomWorldEvaluator - DEBUG - Processing batch 7 of 10
2025-09-18 19:41:25,688 - AtomWorldEvaluator - DEBUG - Processing batch 8 of 10
2025-09-18 19:42:47,605 - AtomWorldEvaluator - DEBUG - Processing batch 9 of 10
2025-09-18 19:44:10,741 - AtomWorldEvaluator - DEBUG - Processing batch 10 of 10
2025-09-18 19:45:15,780 - AtomWorldEvaluator - INFO - Evaluation completed
2025-09-18 19:45:15,780 - AtomWorldEvaluator - INFO - summary: {'total_samples': 50, 'success_count': 47, 'error_count': 3, 'success_rate': 0.94, 'error_types': {'OutputFormatError': {'count': 3, 'percentage': 1.0}}} - statistics: {'rmsd_mean': np.float64(1.631050181261594e-07), 'rmsd_median': np.float64(2.4029229231714947e-16), 'rmsd_max': np.float64(2.236689368552936e-06), 'rmsd_min': np.float64(0.0), 'max_diff_mean': np.float64(1.9962492263129765e-07), 'max_diff_median': np.float64(5.441127235097075e-16), 'max_diff_max': np.float64(2.6524861060765614e-06), 'max_diff_min': np.float64(0.0)}
2025-09-18 19:45:15,783 - AtomWorldEvaluator - INFO - Saved metrics to /scratch/pawsey1151/alexchen5/AtomWorldBench/results/AtomWorld/gemini_2_5_pro/change_atom_action/20250918_193514/metrics.json
2025-09-18 19:45:15,792 - AtomWorldEvaluator - INFO - Evaluation results saved to /scratch/pawsey1151/alexchen5/AtomWorldBench/results/AtomWorld/gemini_2_5_pro/change_atom_action/20250918_193514/evaluation_results.csv
2025-09-18 19:45:15,795 - AtomWorldEvaluator - INFO - Failed cases saved to /scratch/pawsey1151/alexchen5/AtomWorldBench/results/AtomWorld/gemini_2_5_pro/change_atom_action/20250918_193514/evaluation_wrongs.csv
2025-09-18 19:45:15,795 - AtomWorldEvaluator - INFO - 
======== Evaluation Summary ========
2025-09-18 19:45:15,795 - AtomWorldEvaluator - INFO - Total inputs: 1000
2025-09-18 19:45:15,795 - AtomWorldEvaluator - INFO - num_unreadable_out: 3
2025-09-18 19:45:15,796 - AtomWorldEvaluator - INFO - num_invalid_cif: 0
