2025-09-18 19:31:59,575 - CIFGenEvaluator - INFO - Starting evaluation with 20 samples in batches of 1
2025-09-18 19:31:59,576 - CIFGenEvaluator - INFO - Resuming from index 10
2025-09-18 19:31:59,578 - CIFGenEvaluator - DEBUG - Processing batch 1 of 20
2025-09-18 19:33:08,957 - CIFGenEvaluator - DEBUG - Processing batch 2 of 20
2025-09-18 19:33:49,385 - CIFGenEvaluator - DEBUG - Processing batch 3 of 20
2025-09-18 19:34:00,823 - CIFGenEvaluator - DEBUG - Processing batch 4 of 20
2025-09-18 19:34:33,941 - CIFGenEvaluator - DEBUG - Processing batch 5 of 20
2025-09-18 19:34:57,598 - CIFGenEvaluator - DEBUG - Processing batch 6 of 20
2025-09-18 19:35:21,872 - CIFGenEvaluator - DEBUG - Processing batch 7 of 20
2025-09-18 19:35:55,730 - CIFGenEvaluator - DEBUG - Processing batch 8 of 20
2025-09-18 19:36:31,620 - CIFGenEvaluator - DEBUG - Processing batch 9 of 20
2025-09-18 19:36:59,924 - CIFGenEvaluator - DEBUG - Processing batch 10 of 20
2025-09-18 19:37:15,178 - CIFGenEvaluator - INFO - Evaluation completed
2025-09-18 19:37:15,179 - CIFGenEvaluator - INFO - summary: {'total_samples': 10, 'success_count': 9, 'error_count': 1, 'success_rate': 0.9, 'error_types': {'StructureMismatch': {'count': 1, 'percentage': 1.0}}} - statistics: {'rmsd_mean': np.float64(0.00103732027228836), 'rmsd_median': np.float64(4.4094491747649263e-17), 'rmsd_max': np.float64(0.009335882450594322), 'rmsd_min': np.float64(0.0), 'max_diff_mean': np.float64(0.001270452683475719), 'max_diff_median': np.float64(4.409449174764927e-17), 'max_diff_max': np.float64(0.01143407415128039), 'max_diff_min': np.float64(0.0)}
2025-09-18 19:37:15,181 - CIFGenEvaluator - INFO - Saved metrics to /scratch/pawsey1151/alexchen5/AtomWorldBench/results/CifGen/gemini_2_5_pro/20250918_193159/metrics.json
2025-09-18 19:37:15,190 - CIFGenEvaluator - INFO - Evaluation results saved to /scratch/pawsey1151/alexchen5/AtomWorldBench/results/CifGen/gemini_2_5_pro/20250918_193159/evaluation_results.csv
2025-09-18 19:37:15,192 - CIFGenEvaluator - INFO - Failed cases saved to /scratch/pawsey1151/alexchen5/AtomWorldBench/results/CifGen/gemini_2_5_pro/20250918_193159/evaluation_wrongs.csv
2025-09-18 19:37:15,192 - CIFGenEvaluator - INFO - 
======== Evaluation Summary ========
2025-09-18 19:37:15,193 - CIFGenEvaluator - INFO - Total inputs: 20
2025-09-18 19:37:15,193 - CIFGenEvaluator - INFO - num_unreadable_out: 0
2025-09-18 19:37:15,193 - CIFGenEvaluator - INFO - num_invalid_cif: 1
