2026-03-26 22:27:59,158 - AtomWorldEvaluator - INFO - Starting evaluation with 250 samples in batches of 5
2026-03-26 22:27:59,159 - AtomWorldEvaluator - INFO - Repeating each frame 1 time(s)
2026-03-26 22:27:59,161 - AtomWorldEvaluator - DEBUG - Processing batch 1 of 50
2026-03-26 22:28:40,566 - AtomWorldEvaluator - DEBUG - Processing batch 2 of 50
2026-03-26 22:29:19,941 - AtomWorldEvaluator - DEBUG - Processing batch 3 of 50
2026-03-26 22:29:38,877 - AtomWorldEvaluator - DEBUG - Processing batch 4 of 50
2026-03-26 22:29:53,582 - AtomWorldEvaluator - DEBUG - Processing batch 5 of 50
2026-03-26 22:30:15,053 - AtomWorldEvaluator - DEBUG - Processing batch 6 of 50
2026-03-26 22:30:35,544 - AtomWorldEvaluator - DEBUG - Processing batch 7 of 50
2026-03-26 22:30:53,890 - AtomWorldEvaluator - DEBUG - Processing batch 8 of 50
2026-03-26 22:31:28,861 - AtomWorldEvaluator - DEBUG - Processing batch 9 of 50
2026-03-26 22:32:00,966 - AtomWorldEvaluator - DEBUG - Processing batch 10 of 50
2026-03-26 22:32:51,550 - AtomWorldEvaluator - DEBUG - Processing batch 11 of 50
2026-03-26 22:33:23,810 - AtomWorldEvaluator - DEBUG - Processing batch 12 of 50
2026-03-26 22:33:45,687 - AtomWorldEvaluator - DEBUG - Processing batch 13 of 50
2026-03-26 22:34:07,888 - AtomWorldEvaluator - DEBUG - Processing batch 14 of 50
2026-03-26 22:34:40,433 - AtomWorldEvaluator - DEBUG - Processing batch 15 of 50
2026-03-26 22:35:00,931 - AtomWorldEvaluator - DEBUG - Processing batch 16 of 50
2026-03-26 22:35:16,687 - AtomWorldEvaluator - DEBUG - Processing batch 17 of 50
2026-03-26 22:35:33,262 - AtomWorldEvaluator - DEBUG - Processing batch 18 of 50
2026-03-26 22:36:01,035 - AtomWorldEvaluator - DEBUG - Processing batch 19 of 50
2026-03-26 22:36:18,180 - AtomWorldEvaluator - DEBUG - Processing batch 20 of 50
2026-03-26 22:36:57,097 - AtomWorldEvaluator - DEBUG - Processing batch 21 of 50
2026-03-26 22:37:18,861 - AtomWorldEvaluator - DEBUG - Processing batch 22 of 50
2026-03-26 22:37:33,473 - AtomWorldEvaluator - DEBUG - Processing batch 23 of 50
2026-03-26 22:37:56,133 - AtomWorldEvaluator - DEBUG - Processing batch 24 of 50
2026-03-26 22:38:13,677 - AtomWorldEvaluator - DEBUG - Processing batch 25 of 50
2026-03-26 22:38:26,467 - AtomWorldEvaluator - DEBUG - Processing batch 26 of 50
2026-03-26 22:38:56,376 - AtomWorldEvaluator - DEBUG - Processing batch 27 of 50
2026-03-26 22:39:23,657 - AtomWorldEvaluator - DEBUG - Processing batch 28 of 50
2026-03-26 22:39:46,073 - AtomWorldEvaluator - DEBUG - Processing batch 29 of 50
2026-03-26 22:40:11,983 - AtomWorldEvaluator - DEBUG - Processing batch 30 of 50
2026-03-26 22:40:37,241 - AtomWorldEvaluator - DEBUG - Processing batch 31 of 50
2026-03-26 22:41:05,675 - AtomWorldEvaluator - DEBUG - Processing batch 32 of 50
2026-03-26 22:41:40,118 - AtomWorldEvaluator - DEBUG - Processing batch 33 of 50
2026-03-26 22:42:23,242 - AtomWorldEvaluator - DEBUG - Processing batch 34 of 50
2026-03-26 22:43:14,407 - AtomWorldEvaluator - DEBUG - Processing batch 35 of 50
2026-03-26 22:44:32,526 - AtomWorldEvaluator - DEBUG - Processing batch 36 of 50
2026-03-26 22:45:03,705 - AtomWorldEvaluator - DEBUG - Processing batch 37 of 50
2026-03-26 22:45:24,106 - AtomWorldEvaluator - DEBUG - Processing batch 38 of 50
2026-03-26 22:45:44,561 - AtomWorldEvaluator - DEBUG - Processing batch 39 of 50
2026-03-26 22:46:09,197 - AtomWorldEvaluator - DEBUG - Processing batch 40 of 50
2026-03-26 22:46:30,702 - AtomWorldEvaluator - DEBUG - Processing batch 41 of 50
2026-03-26 22:46:53,745 - AtomWorldEvaluator - DEBUG - Processing batch 42 of 50
2026-03-26 22:47:19,045 - AtomWorldEvaluator - DEBUG - Processing batch 43 of 50
2026-03-26 22:47:49,598 - AtomWorldEvaluator - DEBUG - Processing batch 44 of 50
2026-03-26 22:48:22,577 - AtomWorldEvaluator - DEBUG - Processing batch 45 of 50
2026-03-26 22:48:56,087 - AtomWorldEvaluator - DEBUG - Processing batch 46 of 50
2026-03-26 22:49:48,530 - AtomWorldEvaluator - DEBUG - Processing batch 47 of 50
2026-03-26 22:50:34,184 - AtomWorldEvaluator - DEBUG - Processing batch 48 of 50
2026-03-26 22:51:24,964 - AtomWorldEvaluator - DEBUG - Processing batch 49 of 50
2026-03-26 22:52:03,539 - AtomWorldEvaluator - DEBUG - Processing batch 50 of 50
2026-03-26 22:52:31,321 - AtomWorldEvaluator - INFO - Evaluation completed
2026-03-26 22:52:31,322 - AtomWorldEvaluator - INFO - summary: {'total_samples': 250, 'success_count': 249, 'error_count': 1, 'success_rate': 0.996, 'error_types': {'AtomCountMismatch': {'count': 1, 'percentage': 1.0}}} - statistics: {'rmsd_mean': np.float64(5.163033784174999e-08), 'rmsd_median': np.float64(2.8653531738173794e-16), 'rmsd_max': np.float64(3.2744545574873175e-06), 'rmsd_min': np.float64(3.418681141450234e-17), 'max_diff_mean': np.float64(9.246900329486445e-08), 'max_diff_median': np.float64(6.437806800790151e-16), 'max_diff_max': np.float64(5.555069548614122e-06), 'max_diff_min': np.float64(3.7449775561796046e-17)}
2026-03-26 22:52:31,325 - AtomWorldEvaluator - INFO - Saved metrics to /scratch/pawsey1302/alexchen5/AtomWorldBench/results/AtomWorld/o4_mini/remove_atom_action/20260326_222758/metrics.json
2026-03-26 22:52:31,353 - AtomWorldEvaluator - INFO - Evaluation results saved to /scratch/pawsey1302/alexchen5/AtomWorldBench/results/AtomWorld/o4_mini/remove_atom_action/20260326_222758/evaluation_results.csv
2026-03-26 22:52:31,355 - AtomWorldEvaluator - INFO - Failed cases saved to /scratch/pawsey1302/alexchen5/AtomWorldBench/results/AtomWorld/o4_mini/remove_atom_action/20260326_222758/evaluation_wrongs.csv
2026-03-26 22:52:31,356 - AtomWorldEvaluator - INFO - 
======== Evaluation Summary ========
2026-03-26 22:52:31,356 - AtomWorldEvaluator - INFO - Total inputs: 1000
2026-03-26 22:52:31,356 - AtomWorldEvaluator - INFO - num_unreadable_out: 0
2026-03-26 22:52:31,356 - AtomWorldEvaluator - INFO - num_invalid_cif: 1
