2025-09-17 21:46:36,575 - CIFRepairEvaluator - INFO - Starting evaluation with 10 samples in batches of 1
2025-09-17 21:46:36,579 - CIFRepairEvaluator - DEBUG - Processing batch 1 of 10
2025-09-17 21:47:10,673 - CIFRepairEvaluator - DEBUG - Processing batch 2 of 10
2025-09-17 21:47:57,899 - CIFRepairEvaluator - DEBUG - Processing batch 3 of 10
2025-09-17 21:49:33,971 - CIFRepairEvaluator - DEBUG - Processing batch 4 of 10
2025-09-17 21:49:48,621 - CIFRepairEvaluator - DEBUG - Processing batch 5 of 10
2025-09-17 21:50:03,126 - CIFRepairEvaluator - DEBUG - Processing batch 6 of 10
2025-09-17 21:50:13,974 - CIFRepairEvaluator - DEBUG - Processing batch 7 of 10
2025-09-17 21:51:08,030 - CIFRepairEvaluator - DEBUG - Processing batch 8 of 10
2025-09-17 21:51:21,734 - CIFRepairEvaluator - DEBUG - Processing batch 9 of 10
2025-09-17 21:52:23,315 - CIFRepairEvaluator - DEBUG - Processing batch 10 of 10
2025-09-17 21:52:42,592 - CIFRepairEvaluator - INFO - Evaluation completed
2025-09-17 21:52:42,592 - CIFRepairEvaluator - INFO - summary: {'total_samples': 10, 'success_count': 10, 'error_count': 0, 'success_rate': 1.0, 'error_types': {}} - statistics: {}
2025-09-17 21:52:42,595 - CIFRepairEvaluator - INFO - Saved metrics to /scratch/pawsey1151/alexchen5/AtomWorldBench/results/CifRepair/o3/20250917_214636/metrics.json
2025-09-17 21:52:42,606 - CIFRepairEvaluator - INFO - Evaluation results saved to /scratch/pawsey1151/alexchen5/AtomWorldBench/results/CifRepair/o3/20250917_214636/evaluation_results.csv
2025-09-17 21:52:42,606 - CIFRepairEvaluator - INFO - 
======== Evaluation Summary ========
2025-09-17 21:52:42,607 - CIFRepairEvaluator - INFO - Total inputs: 22
2025-09-17 21:52:42,607 - CIFRepairEvaluator - INFO - num_unreadable_out: 0
2025-09-17 21:52:42,607 - CIFRepairEvaluator - INFO - num_invalid_cif: 0
