2026-03-26 10:24:41,947 - AtomWorldEvaluator - INFO - Starting evaluation with 250 samples in batches of 5
2026-03-26 10:24:41,948 - AtomWorldEvaluator - INFO - Repeating each frame 1 time(s)
2026-03-26 10:24:41,950 - AtomWorldEvaluator - DEBUG - Processing batch 1 of 50
2026-03-26 10:25:57,143 - AtomWorldEvaluator - DEBUG - Processing batch 2 of 50
2026-03-26 10:27:36,170 - AtomWorldEvaluator - DEBUG - Processing batch 3 of 50
2026-03-26 10:28:05,015 - AtomWorldEvaluator - DEBUG - Processing batch 4 of 50
2026-03-26 10:28:44,041 - AtomWorldEvaluator - DEBUG - Processing batch 5 of 50
2026-03-26 10:29:37,105 - AtomWorldEvaluator - DEBUG - Processing batch 6 of 50
2026-03-26 10:30:15,653 - AtomWorldEvaluator - DEBUG - Processing batch 7 of 50
2026-03-26 10:31:25,337 - AtomWorldEvaluator - DEBUG - Processing batch 8 of 50
2026-03-26 10:32:19,922 - AtomWorldEvaluator - DEBUG - Processing batch 9 of 50
2026-03-26 10:33:30,326 - AtomWorldEvaluator - DEBUG - Processing batch 10 of 50
2026-03-26 10:34:20,580 - AtomWorldEvaluator - DEBUG - Processing batch 11 of 50
2026-03-26 10:35:09,618 - AtomWorldEvaluator - DEBUG - Processing batch 12 of 50
2026-03-26 10:35:52,685 - AtomWorldEvaluator - DEBUG - Processing batch 13 of 50
2026-03-26 10:37:10,304 - AtomWorldEvaluator - DEBUG - Processing batch 14 of 50
2026-03-26 10:37:59,265 - AtomWorldEvaluator - DEBUG - Processing batch 15 of 50
2026-03-26 10:38:45,349 - AtomWorldEvaluator - DEBUG - Processing batch 16 of 50
2026-03-26 10:39:13,155 - AtomWorldEvaluator - DEBUG - Processing batch 17 of 50
2026-03-26 10:39:37,450 - AtomWorldEvaluator - DEBUG - Processing batch 18 of 50
2026-03-26 10:40:14,163 - AtomWorldEvaluator - DEBUG - Processing batch 19 of 50
2026-03-26 10:41:26,266 - AtomWorldEvaluator - DEBUG - Processing batch 20 of 50
2026-03-26 10:42:24,999 - AtomWorldEvaluator - DEBUG - Processing batch 21 of 50
2026-03-26 10:43:10,916 - AtomWorldEvaluator - DEBUG - Processing batch 22 of 50
2026-03-26 10:43:40,016 - AtomWorldEvaluator - DEBUG - Processing batch 23 of 50
2026-03-26 10:44:09,710 - AtomWorldEvaluator - DEBUG - Processing batch 24 of 50
2026-03-26 10:44:56,285 - AtomWorldEvaluator - DEBUG - Processing batch 25 of 50
2026-03-26 10:45:19,911 - AtomWorldEvaluator - DEBUG - Processing batch 26 of 50
2026-03-26 10:46:15,698 - AtomWorldEvaluator - DEBUG - Processing batch 27 of 50
2026-03-26 10:47:00,439 - AtomWorldEvaluator - DEBUG - Processing batch 28 of 50
2026-03-26 10:47:51,021 - AtomWorldEvaluator - DEBUG - Processing batch 29 of 50
2026-03-26 10:48:30,911 - AtomWorldEvaluator - DEBUG - Processing batch 30 of 50
2026-03-26 10:49:12,086 - AtomWorldEvaluator - DEBUG - Processing batch 31 of 50
2026-03-26 10:49:55,074 - AtomWorldEvaluator - DEBUG - Processing batch 32 of 50
2026-03-26 10:50:53,088 - AtomWorldEvaluator - DEBUG - Processing batch 33 of 50
2026-03-26 10:51:40,866 - AtomWorldEvaluator - DEBUG - Processing batch 34 of 50
2026-03-26 10:53:08,627 - AtomWorldEvaluator - DEBUG - Processing batch 35 of 50
2026-03-26 10:54:04,315 - AtomWorldEvaluator - DEBUG - Processing batch 36 of 50
2026-03-26 10:55:17,680 - AtomWorldEvaluator - DEBUG - Processing batch 37 of 50
2026-03-26 10:56:11,170 - AtomWorldEvaluator - DEBUG - Processing batch 38 of 50
2026-03-26 10:56:50,503 - AtomWorldEvaluator - DEBUG - Processing batch 39 of 50
2026-03-26 10:57:45,919 - AtomWorldEvaluator - DEBUG - Processing batch 40 of 50
2026-03-26 10:58:22,026 - AtomWorldEvaluator - DEBUG - Processing batch 41 of 50
2026-03-26 10:59:00,797 - AtomWorldEvaluator - DEBUG - Processing batch 42 of 50
2026-03-26 10:59:46,336 - AtomWorldEvaluator - DEBUG - Processing batch 43 of 50
2026-03-26 11:00:29,637 - AtomWorldEvaluator - DEBUG - Processing batch 44 of 50
2026-03-26 11:01:26,060 - AtomWorldEvaluator - DEBUG - Processing batch 45 of 50
2026-03-26 11:02:14,258 - AtomWorldEvaluator - DEBUG - Processing batch 46 of 50
2026-03-26 11:03:19,754 - AtomWorldEvaluator - DEBUG - Processing batch 47 of 50
2026-03-26 11:04:06,395 - AtomWorldEvaluator - DEBUG - Processing batch 48 of 50
2026-03-26 11:05:00,026 - AtomWorldEvaluator - DEBUG - Processing batch 49 of 50
2026-03-26 11:06:03,346 - AtomWorldEvaluator - DEBUG - Processing batch 50 of 50
2026-03-26 11:06:50,262 - AtomWorldEvaluator - INFO - Evaluation completed
2026-03-26 11:06:50,262 - AtomWorldEvaluator - INFO - summary: {'total_samples': 250, 'success_count': 178, 'error_count': 72, 'success_rate': 0.712, 'error_types': {'OutputFormatError': {'count': 72, 'percentage': 1.0}}} - statistics: {'rmsd_mean': np.float64(3.6615763984723694e-08), 'rmsd_median': np.float64(2.827474110020511e-16), 'rmsd_max': np.float64(3.8618600202099274e-06), 'rmsd_min': np.float64(3.418681141450234e-17), 'max_diff_mean': np.float64(6.16458871398171e-08), 'max_diff_median': np.float64(6.590496980724656e-16), 'max_diff_max': np.float64(5.8566509983435215e-06), 'max_diff_min': np.float64(3.7449775561796046e-17)}
2026-03-26 11:06:50,286 - AtomWorldEvaluator - INFO - Saved metrics to /scratch/pawsey1302/alexchen5/AtomWorldBench/results/AtomWorld/gemini_3_1_pro_preview/remove_atom_action/20260326_102441/metrics.json
2026-03-26 11:06:50,317 - AtomWorldEvaluator - INFO - Evaluation results saved to /scratch/pawsey1302/alexchen5/AtomWorldBench/results/AtomWorld/gemini_3_1_pro_preview/remove_atom_action/20260326_102441/evaluation_results.csv
2026-03-26 11:06:50,325 - AtomWorldEvaluator - INFO - Failed cases saved to /scratch/pawsey1302/alexchen5/AtomWorldBench/results/AtomWorld/gemini_3_1_pro_preview/remove_atom_action/20260326_102441/evaluation_wrongs.csv
2026-03-26 11:06:50,325 - AtomWorldEvaluator - INFO - 
======== Evaluation Summary ========
2026-03-26 11:06:50,325 - AtomWorldEvaluator - INFO - Total inputs: 1000
2026-03-26 11:06:50,325 - AtomWorldEvaluator - INFO - num_unreadable_out: 72
2026-03-26 11:06:50,325 - AtomWorldEvaluator - INFO - num_invalid_cif: 0
