2025-09-23 10:48:40,898 - AtomWorldEvaluator - INFO - Starting evaluation with 50 samples in batches of 5
2025-09-23 10:48:40,901 - AtomWorldEvaluator - DEBUG - Processing batch 1 of 10
2025-09-23 10:51:54,611 - AtomWorldEvaluator - DEBUG - Processing batch 2 of 10
2025-09-23 10:56:26,133 - AtomWorldEvaluator - DEBUG - Processing batch 3 of 10
2025-09-23 10:57:56,821 - AtomWorldEvaluator - DEBUG - Processing batch 4 of 10
2025-09-23 11:00:32,466 - AtomWorldEvaluator - DEBUG - Processing batch 5 of 10
2025-09-23 11:03:14,533 - AtomWorldEvaluator - DEBUG - Processing batch 6 of 10
2025-09-23 11:05:25,568 - AtomWorldEvaluator - DEBUG - Processing batch 7 of 10
2025-09-23 11:10:20,321 - AtomWorldEvaluator - DEBUG - Processing batch 8 of 10
2025-09-23 11:25:19,464 - AtomWorldEvaluator - DEBUG - Processing batch 9 of 10
2025-09-23 11:49:32,215 - AtomWorldEvaluator - DEBUG - Processing batch 10 of 10
2025-09-23 11:53:51,790 - AtomWorldEvaluator - INFO - Evaluation completed
2025-09-23 11:53:51,791 - AtomWorldEvaluator - INFO - summary: {'total_samples': 50, 'success_count': 49, 'error_count': 1, 'success_rate': 0.98, 'error_types': {'CIFParsingError': {'count': 1, 'percentage': 1.0}}} - statistics: {'rmsd_mean': np.float64(2.769554587241318e-05), 'rmsd_median': np.float64(2.8701377440320503e-08), 'rmsd_max': np.float64(0.0013085902224847861), 'rmsd_min': np.float64(1.5934405913968516e-16), 'max_diff_mean': np.float64(0.00023617216280435346), 'max_diff_median': np.float64(4.292860569238043e-08), 'max_diff_max': np.float64(0.011486632537452612), 'max_diff_min': np.float64(6.444769199886778e-16)}
2025-09-23 11:53:51,795 - AtomWorldEvaluator - INFO - Saved metrics to /scratch/pawsey1151/alexchen5/AtomWorldBench/results/AtomWorld/o3/super_cell_action/20250923_104839/metrics.json
2025-09-23 11:53:51,828 - AtomWorldEvaluator - INFO - Evaluation results saved to /scratch/pawsey1151/alexchen5/AtomWorldBench/results/AtomWorld/o3/super_cell_action/20250923_104839/evaluation_results.csv
2025-09-23 11:53:51,831 - AtomWorldEvaluator - INFO - Failed cases saved to /scratch/pawsey1151/alexchen5/AtomWorldBench/results/AtomWorld/o3/super_cell_action/20250923_104839/evaluation_wrongs.csv
2025-09-23 11:53:51,832 - AtomWorldEvaluator - INFO - 
======== Evaluation Summary ========
2025-09-23 11:53:51,832 - AtomWorldEvaluator - INFO - Total inputs: 1000
2025-09-23 11:53:51,832 - AtomWorldEvaluator - INFO - num_unreadable_out: 0
2025-09-23 11:53:51,832 - AtomWorldEvaluator - INFO - num_invalid_cif: 1
