2026-03-26 10:24:41,947 - AtomWorldEvaluator - INFO - Starting evaluation with 250 samples in batches of 5
2026-03-26 10:24:41,948 - AtomWorldEvaluator - INFO - Repeating each frame 1 time(s)
2026-03-26 10:24:41,959 - AtomWorldEvaluator - DEBUG - Processing batch 1 of 50
2026-03-26 10:26:35,422 - AtomWorldEvaluator - DEBUG - Processing batch 2 of 50
2026-03-26 10:27:23,611 - AtomWorldEvaluator - DEBUG - Processing batch 3 of 50
2026-03-26 10:28:01,643 - AtomWorldEvaluator - DEBUG - Processing batch 4 of 50
2026-03-26 10:28:54,398 - AtomWorldEvaluator - DEBUG - Processing batch 5 of 50
2026-03-26 10:29:24,326 - AtomWorldEvaluator - DEBUG - Processing batch 6 of 50
2026-03-26 10:29:56,250 - AtomWorldEvaluator - DEBUG - Processing batch 7 of 50
2026-03-26 10:30:42,654 - AtomWorldEvaluator - DEBUG - Processing batch 8 of 50
2026-03-26 10:31:31,191 - AtomWorldEvaluator - DEBUG - Processing batch 9 of 50
2026-03-26 10:32:55,121 - AtomWorldEvaluator - DEBUG - Processing batch 10 of 50
2026-03-26 10:34:25,631 - AtomWorldEvaluator - DEBUG - Processing batch 11 of 50
2026-03-26 10:35:11,882 - AtomWorldEvaluator - DEBUG - Processing batch 12 of 50
2026-03-26 10:36:10,623 - AtomWorldEvaluator - DEBUG - Processing batch 13 of 50
2026-03-26 10:36:59,899 - AtomWorldEvaluator - DEBUG - Processing batch 14 of 50
2026-03-26 10:37:32,489 - AtomWorldEvaluator - DEBUG - Processing batch 15 of 50
2026-03-26 10:38:07,786 - AtomWorldEvaluator - DEBUG - Processing batch 16 of 50
2026-03-26 10:39:23,107 - AtomWorldEvaluator - DEBUG - Processing batch 17 of 50
2026-03-26 10:40:14,696 - AtomWorldEvaluator - DEBUG - Processing batch 18 of 50
2026-03-26 10:40:52,460 - AtomWorldEvaluator - DEBUG - Processing batch 19 of 50
2026-03-26 10:41:35,235 - AtomWorldEvaluator - DEBUG - Processing batch 20 of 50
2026-03-26 10:42:34,084 - AtomWorldEvaluator - DEBUG - Processing batch 21 of 50
2026-03-26 10:43:08,204 - AtomWorldEvaluator - DEBUG - Processing batch 22 of 50
2026-03-26 10:44:03,206 - AtomWorldEvaluator - DEBUG - Processing batch 23 of 50
2026-03-26 10:44:43,712 - AtomWorldEvaluator - DEBUG - Processing batch 24 of 50
2026-03-26 10:45:27,462 - AtomWorldEvaluator - DEBUG - Processing batch 25 of 50
2026-03-26 10:46:00,995 - AtomWorldEvaluator - DEBUG - Processing batch 26 of 50
2026-03-26 10:47:13,634 - AtomWorldEvaluator - DEBUG - Processing batch 27 of 50
2026-03-26 10:48:30,567 - AtomWorldEvaluator - DEBUG - Processing batch 28 of 50
2026-03-26 10:49:21,518 - AtomWorldEvaluator - DEBUG - Processing batch 29 of 50
2026-03-26 10:50:15,265 - AtomWorldEvaluator - DEBUG - Processing batch 30 of 50
2026-03-26 10:51:11,282 - AtomWorldEvaluator - DEBUG - Processing batch 31 of 50
2026-03-26 10:51:58,074 - AtomWorldEvaluator - DEBUG - Processing batch 32 of 50
2026-03-26 10:53:03,871 - AtomWorldEvaluator - DEBUG - Processing batch 33 of 50
2026-03-26 10:53:55,932 - AtomWorldEvaluator - DEBUG - Processing batch 34 of 50
2026-03-26 10:54:52,294 - AtomWorldEvaluator - DEBUG - Processing batch 35 of 50
2026-03-26 10:56:21,194 - AtomWorldEvaluator - DEBUG - Processing batch 36 of 50
2026-03-26 10:57:03,633 - AtomWorldEvaluator - DEBUG - Processing batch 37 of 50
2026-03-26 10:57:39,841 - AtomWorldEvaluator - DEBUG - Processing batch 38 of 50
2026-03-26 10:58:21,372 - AtomWorldEvaluator - DEBUG - Processing batch 39 of 50
2026-03-26 10:59:15,585 - AtomWorldEvaluator - DEBUG - Processing batch 40 of 50
2026-03-26 11:00:16,497 - AtomWorldEvaluator - DEBUG - Processing batch 41 of 50
2026-03-26 11:01:04,510 - AtomWorldEvaluator - DEBUG - Processing batch 42 of 50
2026-03-26 11:01:45,695 - AtomWorldEvaluator - DEBUG - Processing batch 43 of 50
2026-03-26 11:02:34,966 - AtomWorldEvaluator - DEBUG - Processing batch 44 of 50
2026-03-26 11:03:38,352 - AtomWorldEvaluator - DEBUG - Processing batch 45 of 50
2026-03-26 11:04:18,481 - AtomWorldEvaluator - DEBUG - Processing batch 46 of 50
2026-03-26 11:05:10,902 - AtomWorldEvaluator - DEBUG - Processing batch 47 of 50
2026-03-26 11:06:04,738 - AtomWorldEvaluator - DEBUG - Processing batch 48 of 50
2026-03-26 11:07:00,792 - AtomWorldEvaluator - DEBUG - Processing batch 49 of 50
2026-03-26 11:08:01,567 - AtomWorldEvaluator - DEBUG - Processing batch 50 of 50
2026-03-26 11:08:54,693 - AtomWorldEvaluator - INFO - Evaluation completed
2026-03-26 11:08:54,694 - AtomWorldEvaluator - INFO - summary: {'total_samples': 250, 'success_count': 159, 'error_count': 91, 'success_rate': 0.636, 'error_types': {'OutputFormatError': {'count': 90, 'percentage': 0.989010989010989}, 'AtomCountMismatch': {'count': 1, 'percentage': 0.01098901098901099}}} - statistics: {'rmsd_mean': np.float64(5.710218259293051e-08), 'rmsd_median': np.float64(2.931207912464392e-16), 'rmsd_max': np.float64(2.236689368516856e-06), 'rmsd_min': np.float64(0.0), 'max_diff_mean': np.float64(8.400791310621425e-08), 'max_diff_median': np.float64(6.428142268275502e-16), 'max_diff_max': np.float64(3.81577921084331e-06), 'max_diff_min': np.float64(0.0)}
2026-03-26 11:08:54,697 - AtomWorldEvaluator - INFO - Saved metrics to /scratch/pawsey1302/alexchen5/AtomWorldBench/results/AtomWorld/gemini_3_1_pro_preview/change_atom_action/20260326_102441/metrics.json
2026-03-26 11:08:54,720 - AtomWorldEvaluator - INFO - Evaluation results saved to /scratch/pawsey1302/alexchen5/AtomWorldBench/results/AtomWorld/gemini_3_1_pro_preview/change_atom_action/20260326_102441/evaluation_results.csv
2026-03-26 11:08:54,729 - AtomWorldEvaluator - INFO - Failed cases saved to /scratch/pawsey1302/alexchen5/AtomWorldBench/results/AtomWorld/gemini_3_1_pro_preview/change_atom_action/20260326_102441/evaluation_wrongs.csv
2026-03-26 11:08:54,730 - AtomWorldEvaluator - INFO - 
======== Evaluation Summary ========
2026-03-26 11:08:54,730 - AtomWorldEvaluator - INFO - Total inputs: 1000
2026-03-26 11:08:54,730 - AtomWorldEvaluator - INFO - num_unreadable_out: 90
2026-03-26 11:08:54,730 - AtomWorldEvaluator - INFO - num_invalid_cif: 1
