2025-11-18 15:57:58,084 - AtomWorldEvaluator - INFO - Starting evaluation with 50 samples in batches of 5
2025-11-18 15:57:58,087 - AtomWorldEvaluator - INFO - Repeating each frame 1 time(s)
2025-11-18 15:57:58,089 - AtomWorldEvaluator - DEBUG - Processing batch 1 of 10
2025-11-18 15:58:51,235 - AtomWorldEvaluator - DEBUG - Processing batch 2 of 10
2025-11-18 15:59:50,592 - AtomWorldEvaluator - DEBUG - Processing batch 3 of 10
2025-11-18 16:00:34,671 - AtomWorldEvaluator - DEBUG - Processing batch 4 of 10
2025-11-18 16:02:05,630 - AtomWorldEvaluator - DEBUG - Processing batch 5 of 10
2025-11-18 16:03:27,730 - AtomWorldEvaluator - DEBUG - Processing batch 6 of 10
2025-11-18 16:04:52,538 - AtomWorldEvaluator - DEBUG - Processing batch 7 of 10
2025-11-18 16:06:28,350 - AtomWorldEvaluator - DEBUG - Processing batch 8 of 10
2025-11-18 16:07:30,032 - AtomWorldEvaluator - DEBUG - Processing batch 9 of 10
2025-11-18 16:08:58,583 - AtomWorldEvaluator - DEBUG - Processing batch 10 of 10
2025-11-18 16:10:43,388 - AtomWorldEvaluator - INFO - Evaluation completed
2025-11-18 16:10:43,388 - AtomWorldEvaluator - INFO - summary: {'total_samples': 50, 'success_count': 47, 'error_count': 3, 'success_rate': 0.94, 'error_types': {'OutputFormatError': {'count': 1, 'percentage': 0.3333333333333333}, 'StructureMismatch': {'count': 2, 'percentage': 0.6666666666666666}}} - statistics: {'rmsd_mean': 1.9343406903110514e-07, 'rmsd_median': 4.061772341870525e-16, 'rmsd_max': 2.2315764592580035e-06, 'rmsd_min': 0.0, 'max_diff_mean': 2.5282994134760916e-07, 'max_diff_median': 8.159053155314101e-16, 'max_diff_max': 2.652486106240959e-06, 'max_diff_min': 0.0}
2025-11-18 16:10:44,602 - AtomWorldEvaluator - INFO - Saved metrics to /scratch/pawsey1151/alexchen5/AtomWorldBench/results/AtomWorld/gemini_2_5_pro/swap_atoms_action/20251118_155757/metrics.json
2025-11-18 16:10:44,936 - AtomWorldEvaluator - INFO - Evaluation results saved to /scratch/pawsey1151/alexchen5/AtomWorldBench/results/AtomWorld/gemini_2_5_pro/swap_atoms_action/20251118_155757/evaluation_results.csv
2025-11-18 16:10:45,554 - AtomWorldEvaluator - INFO - Failed cases saved to /scratch/pawsey1151/alexchen5/AtomWorldBench/results/AtomWorld/gemini_2_5_pro/swap_atoms_action/20251118_155757/evaluation_wrongs.csv
2025-11-18 16:10:45,554 - AtomWorldEvaluator - INFO - 
======== Evaluation Summary ========
2025-11-18 16:10:45,554 - AtomWorldEvaluator - INFO - Total inputs: 998
2025-11-18 16:10:45,554 - AtomWorldEvaluator - INFO - num_unreadable_out: 1
2025-11-18 16:10:45,554 - AtomWorldEvaluator - INFO - num_invalid_cif: 2
