2025-09-17 21:41:59,498 - CIFGenEvaluator - INFO - Starting evaluation with 10 samples in batches of 1
2025-09-17 21:41:59,501 - CIFGenEvaluator - DEBUG - Processing batch 1 of 10
2025-09-17 21:42:27,739 - CIFGenEvaluator - DEBUG - Processing batch 2 of 10
2025-09-17 21:42:36,645 - CIFGenEvaluator - DEBUG - Processing batch 3 of 10
2025-09-17 21:42:59,331 - CIFGenEvaluator - DEBUG - Processing batch 4 of 10
2025-09-17 21:43:15,511 - CIFGenEvaluator - DEBUG - Processing batch 5 of 10
2025-09-17 21:43:34,261 - CIFGenEvaluator - DEBUG - Processing batch 6 of 10
2025-09-17 21:43:42,317 - CIFGenEvaluator - DEBUG - Processing batch 7 of 10
2025-09-17 21:43:56,983 - CIFGenEvaluator - DEBUG - Processing batch 8 of 10
2025-09-17 21:44:10,167 - CIFGenEvaluator - DEBUG - Processing batch 9 of 10
2025-09-17 21:44:20,378 - CIFGenEvaluator - DEBUG - Processing batch 10 of 10
2025-09-17 21:44:33,653 - CIFGenEvaluator - INFO - Evaluation completed
2025-09-17 21:44:33,653 - CIFGenEvaluator - INFO - summary: {'total_samples': 10, 'success_count': 8, 'error_count': 2, 'success_rate': 0.8, 'error_types': {'StructureMismatch': {'count': 2, 'percentage': 1.0}}} - statistics: {'rmsd_mean': np.float64(0.00018705986618869965), 'rmsd_median': np.float64(0.0), 'rmsd_max': np.float64(0.001496478929509202), 'rmsd_min': np.float64(0.0), 'max_diff_mean': np.float64(0.00022910061175781626), 'max_diff_median': np.float64(0.0), 'max_diff_max': np.float64(0.001832804894062126), 'max_diff_min': np.float64(0.0)}
2025-09-17 21:44:33,656 - CIFGenEvaluator - INFO - Saved metrics to /scratch/pawsey1151/alexchen5/AtomWorldBench/results/CifGen/o4_mini/20250917_214159/metrics.json
2025-09-17 21:44:33,664 - CIFGenEvaluator - INFO - Evaluation results saved to /scratch/pawsey1151/alexchen5/AtomWorldBench/results/CifGen/o4_mini/20250917_214159/evaluation_results.csv
2025-09-17 21:44:33,667 - CIFGenEvaluator - INFO - Failed cases saved to /scratch/pawsey1151/alexchen5/AtomWorldBench/results/CifGen/o4_mini/20250917_214159/evaluation_wrongs.csv
2025-09-17 21:44:33,667 - CIFGenEvaluator - INFO - 
======== Evaluation Summary ========
2025-09-17 21:44:33,667 - CIFGenEvaluator - INFO - Total inputs: 20
2025-09-17 21:44:33,667 - CIFGenEvaluator - INFO - num_unreadable_out: 0
2025-09-17 21:44:33,667 - CIFGenEvaluator - INFO - num_invalid_cif: 2
