2026-03-26 10:24:41,994 - AtomWorldEvaluator - INFO - Starting evaluation with 250 samples in batches of 5
2026-03-26 10:24:41,995 - AtomWorldEvaluator - INFO - Repeating each frame 1 time(s)
2026-03-26 10:24:41,997 - AtomWorldEvaluator - DEBUG - Processing batch 1 of 50
2026-03-26 10:25:27,602 - AtomWorldEvaluator - DEBUG - Processing batch 2 of 50
2026-03-26 10:26:12,714 - AtomWorldEvaluator - DEBUG - Processing batch 3 of 50
2026-03-26 10:26:41,420 - AtomWorldEvaluator - DEBUG - Processing batch 4 of 50
2026-03-26 10:27:31,862 - AtomWorldEvaluator - DEBUG - Processing batch 5 of 50
2026-03-26 10:28:03,047 - AtomWorldEvaluator - DEBUG - Processing batch 6 of 50
2026-03-26 10:28:47,959 - AtomWorldEvaluator - DEBUG - Processing batch 7 of 50
2026-03-26 10:30:02,366 - AtomWorldEvaluator - DEBUG - Processing batch 8 of 50
2026-03-26 10:30:52,817 - AtomWorldEvaluator - DEBUG - Processing batch 9 of 50
2026-03-26 10:31:44,046 - AtomWorldEvaluator - DEBUG - Processing batch 10 of 50
2026-03-26 10:32:25,987 - AtomWorldEvaluator - DEBUG - Processing batch 11 of 50
2026-03-26 10:33:09,507 - AtomWorldEvaluator - DEBUG - Processing batch 12 of 50
2026-03-26 10:33:48,624 - AtomWorldEvaluator - DEBUG - Processing batch 13 of 50
2026-03-26 10:34:19,208 - AtomWorldEvaluator - DEBUG - Processing batch 14 of 50
2026-03-26 10:34:49,425 - AtomWorldEvaluator - DEBUG - Processing batch 15 of 50
2026-03-26 10:35:20,232 - AtomWorldEvaluator - DEBUG - Processing batch 16 of 50
2026-03-26 10:36:33,563 - AtomWorldEvaluator - DEBUG - Processing batch 17 of 50
2026-03-26 10:36:57,713 - AtomWorldEvaluator - DEBUG - Processing batch 18 of 50
2026-03-26 10:37:34,902 - AtomWorldEvaluator - DEBUG - Processing batch 19 of 50
2026-03-26 10:38:11,941 - AtomWorldEvaluator - DEBUG - Processing batch 20 of 50
2026-03-26 10:39:05,296 - AtomWorldEvaluator - DEBUG - Processing batch 21 of 50
2026-03-26 10:39:29,595 - AtomWorldEvaluator - DEBUG - Processing batch 22 of 50
2026-03-26 10:39:55,851 - AtomWorldEvaluator - DEBUG - Processing batch 23 of 50
2026-03-26 10:40:42,014 - AtomWorldEvaluator - DEBUG - Processing batch 24 of 50
2026-03-26 10:41:17,556 - AtomWorldEvaluator - DEBUG - Processing batch 25 of 50
2026-03-26 10:41:42,887 - AtomWorldEvaluator - DEBUG - Processing batch 26 of 50
2026-03-26 10:42:24,448 - AtomWorldEvaluator - DEBUG - Processing batch 27 of 50
2026-03-26 10:43:05,090 - AtomWorldEvaluator - DEBUG - Processing batch 28 of 50
2026-03-26 10:43:45,355 - AtomWorldEvaluator - DEBUG - Processing batch 29 of 50
2026-03-26 10:44:21,853 - AtomWorldEvaluator - DEBUG - Processing batch 30 of 50
2026-03-26 10:45:11,293 - AtomWorldEvaluator - DEBUG - Processing batch 31 of 50
2026-03-26 10:45:55,914 - AtomWorldEvaluator - DEBUG - Processing batch 32 of 50
2026-03-26 10:46:51,776 - AtomWorldEvaluator - DEBUG - Processing batch 33 of 50
2026-03-26 10:47:41,095 - AtomWorldEvaluator - DEBUG - Processing batch 34 of 50
2026-03-26 10:48:29,278 - AtomWorldEvaluator - DEBUG - Processing batch 35 of 50
2026-03-26 10:49:15,959 - AtomWorldEvaluator - DEBUG - Processing batch 36 of 50
2026-03-26 10:50:29,856 - AtomWorldEvaluator - DEBUG - Processing batch 37 of 50
2026-03-26 10:51:11,331 - AtomWorldEvaluator - DEBUG - Processing batch 38 of 50
2026-03-26 10:52:25,159 - AtomWorldEvaluator - DEBUG - Processing batch 39 of 50
2026-03-26 10:52:59,237 - AtomWorldEvaluator - DEBUG - Processing batch 40 of 50
2026-03-26 10:53:32,461 - AtomWorldEvaluator - DEBUG - Processing batch 41 of 50
2026-03-26 10:54:13,978 - AtomWorldEvaluator - DEBUG - Processing batch 42 of 50
2026-03-26 10:54:49,739 - AtomWorldEvaluator - DEBUG - Processing batch 43 of 50
2026-03-26 10:55:23,561 - AtomWorldEvaluator - DEBUG - Processing batch 44 of 50
2026-03-26 10:56:16,630 - AtomWorldEvaluator - DEBUG - Processing batch 45 of 50
2026-03-26 10:57:22,449 - AtomWorldEvaluator - DEBUG - Processing batch 46 of 50
2026-03-26 10:58:06,679 - AtomWorldEvaluator - DEBUG - Processing batch 47 of 50
2026-03-26 10:58:59,175 - AtomWorldEvaluator - DEBUG - Processing batch 48 of 50
2026-03-26 11:00:10,101 - AtomWorldEvaluator - DEBUG - Processing batch 49 of 50
2026-03-26 11:01:01,206 - AtomWorldEvaluator - DEBUG - Processing batch 50 of 50
2026-03-26 11:02:10,096 - AtomWorldEvaluator - INFO - Evaluation completed
2026-03-26 11:02:10,096 - AtomWorldEvaluator - INFO - summary: {'total_samples': 250, 'success_count': 226, 'error_count': 24, 'success_rate': 0.904, 'error_types': {'OutputFormatError': {'count': 24, 'percentage': 1.0}}} - statistics: {'rmsd_mean': np.float64(5.230609890940568e-08), 'rmsd_median': np.float64(4.725592293401692e-16), 'rmsd_max': np.float64(2.2315764592987995e-06), 'rmsd_min': np.float64(1.2040541159377071e-32), 'max_diff_mean': np.float64(7.396791575454129e-08), 'max_diff_median': np.float64(1.0206918607237e-15), 'max_diff_max': np.float64(2.8104706839338014e-06), 'max_diff_min': np.float64(3.951495884654552e-32)}
2026-03-26 11:02:10,101 - AtomWorldEvaluator - INFO - Saved metrics to /scratch/pawsey1302/alexchen5/AtomWorldBench/results/AtomWorld/gemini_3_1_pro_preview/swap_atoms_action/20260326_102441/metrics.json
2026-03-26 11:02:10,141 - AtomWorldEvaluator - INFO - Evaluation results saved to /scratch/pawsey1302/alexchen5/AtomWorldBench/results/AtomWorld/gemini_3_1_pro_preview/swap_atoms_action/20260326_102441/evaluation_results.csv
2026-03-26 11:02:10,148 - AtomWorldEvaluator - INFO - Failed cases saved to /scratch/pawsey1302/alexchen5/AtomWorldBench/results/AtomWorld/gemini_3_1_pro_preview/swap_atoms_action/20260326_102441/evaluation_wrongs.csv
2026-03-26 11:02:10,148 - AtomWorldEvaluator - INFO - 
======== Evaluation Summary ========
2026-03-26 11:02:10,148 - AtomWorldEvaluator - INFO - Total inputs: 998
2026-03-26 11:02:10,148 - AtomWorldEvaluator - INFO - num_unreadable_out: 24
2026-03-26 11:02:10,148 - AtomWorldEvaluator - INFO - num_invalid_cif: 0
