2025-11-18 15:57:58,090 - AtomWorldEvaluator - INFO - Starting evaluation with 50 samples in batches of 5
2025-11-18 15:57:58,091 - AtomWorldEvaluator - INFO - Repeating each frame 1 time(s)
2025-11-18 15:57:58,092 - AtomWorldEvaluator - DEBUG - Processing batch 1 of 10
2025-11-18 15:59:09,370 - AtomWorldEvaluator - DEBUG - Processing batch 2 of 10
2025-11-18 15:59:53,809 - AtomWorldEvaluator - DEBUG - Processing batch 3 of 10
2025-11-18 16:00:17,413 - AtomWorldEvaluator - DEBUG - Processing batch 4 of 10
2025-11-18 16:00:42,520 - AtomWorldEvaluator - DEBUG - Processing batch 5 of 10
2025-11-18 16:01:13,249 - AtomWorldEvaluator - DEBUG - Processing batch 6 of 10
2025-11-18 16:01:37,517 - AtomWorldEvaluator - DEBUG - Processing batch 7 of 10
2025-11-18 16:02:17,725 - AtomWorldEvaluator - DEBUG - Processing batch 8 of 10
2025-11-18 16:03:36,121 - AtomWorldEvaluator - DEBUG - Processing batch 9 of 10
2025-11-18 16:04:26,402 - AtomWorldEvaluator - DEBUG - Processing batch 10 of 10
2025-11-18 16:05:02,287 - AtomWorldEvaluator - INFO - Evaluation completed
2025-11-18 16:05:02,287 - AtomWorldEvaluator - INFO - summary: {'total_samples': 50, 'success_count': 48, 'error_count': 2, 'success_rate': 0.96, 'error_types': {'AtomCountMismatch': {'count': 2, 'percentage': 1.0}}} - statistics: {'rmsd_mean': 1.8940419261033626e-07, 'rmsd_median': 4.144995296470652e-16, 'rmsd_max': 2.2315764592580035e-06, 'rmsd_min': 0.0, 'max_diff_mean': 2.4756265092246415e-07, 'max_diff_median': 8.159053155314101e-16, 'max_diff_max': 2.652486106240959e-06, 'max_diff_min': 0.0}
2025-11-18 16:05:02,457 - AtomWorldEvaluator - INFO - Saved metrics to /scratch/pawsey1151/alexchen5/AtomWorldBench/results/AtomWorld/o4_mini/swap_atoms_action/20251118_155757/metrics.json
2025-11-18 16:05:02,756 - AtomWorldEvaluator - INFO - Evaluation results saved to /scratch/pawsey1151/alexchen5/AtomWorldBench/results/AtomWorld/o4_mini/swap_atoms_action/20251118_155757/evaluation_results.csv
2025-11-18 16:05:02,760 - AtomWorldEvaluator - INFO - Failed cases saved to /scratch/pawsey1151/alexchen5/AtomWorldBench/results/AtomWorld/o4_mini/swap_atoms_action/20251118_155757/evaluation_wrongs.csv
2025-11-18 16:05:02,760 - AtomWorldEvaluator - INFO - 
======== Evaluation Summary ========
2025-11-18 16:05:02,760 - AtomWorldEvaluator - INFO - Total inputs: 998
2025-11-18 16:05:02,761 - AtomWorldEvaluator - INFO - num_unreadable_out: 0
2025-11-18 16:05:02,761 - AtomWorldEvaluator - INFO - num_invalid_cif: 2
