2025-09-18 19:32:33,365 - CIFRepairEvaluator - INFO - Starting evaluation with 20 samples in batches of 1
2025-09-18 19:32:33,366 - CIFRepairEvaluator - INFO - Resuming from index 10
2025-09-18 19:32:33,369 - CIFRepairEvaluator - DEBUG - Processing batch 1 of 20
2025-09-18 19:32:57,842 - CIFRepairEvaluator - DEBUG - Processing batch 2 of 20
2025-09-18 19:33:43,707 - CIFRepairEvaluator - DEBUG - Processing batch 3 of 20
2025-09-18 19:34:36,123 - CIFRepairEvaluator - DEBUG - Processing batch 4 of 20
2025-09-18 19:35:34,356 - CIFRepairEvaluator - DEBUG - Processing batch 5 of 20
2025-09-18 19:36:32,687 - CIFRepairEvaluator - DEBUG - Processing batch 6 of 20
2025-09-18 19:37:09,004 - CIFRepairEvaluator - DEBUG - Processing batch 7 of 20
2025-09-18 19:38:13,561 - CIFRepairEvaluator - DEBUG - Processing batch 8 of 20
2025-09-18 19:39:23,741 - CIFRepairEvaluator - DEBUG - Processing batch 9 of 20
2025-09-18 19:40:33,156 - CIFRepairEvaluator - DEBUG - Processing batch 10 of 20
2025-09-18 19:41:48,628 - CIFRepairEvaluator - DEBUG - Processing batch 11 of 20
2025-09-18 19:42:37,060 - CIFRepairEvaluator - DEBUG - Processing batch 12 of 20
2025-09-18 19:43:30,923 - CIFRepairEvaluator - INFO - Evaluation completed
2025-09-18 19:43:30,935 - CIFRepairEvaluator - INFO - summary: {'total_samples': 12, 'success_count': 12, 'error_count': 0, 'success_rate': 1.0, 'error_types': {}} - statistics: {}
2025-09-18 19:43:30,939 - CIFRepairEvaluator - INFO - Saved metrics to /scratch/pawsey1151/alexchen5/AtomWorldBench/results/CifRepair/gemini_2_5_pro/20250918_193233/metrics.json
2025-09-18 19:43:30,955 - CIFRepairEvaluator - INFO - Evaluation results saved to /scratch/pawsey1151/alexchen5/AtomWorldBench/results/CifRepair/gemini_2_5_pro/20250918_193233/evaluation_results.csv
2025-09-18 19:43:30,955 - CIFRepairEvaluator - INFO - 
======== Evaluation Summary ========
2025-09-18 19:43:30,955 - CIFRepairEvaluator - INFO - Total inputs: 22
2025-09-18 19:43:30,955 - CIFRepairEvaluator - INFO - num_unreadable_out: 0
2025-09-18 19:43:30,955 - CIFRepairEvaluator - INFO - num_invalid_cif: 0
