2026-03-28 10:05:49,825 - AtomWorldEvaluator - INFO - Starting evaluation with 250 samples in batches of 10
2026-03-28 10:05:49,831 - AtomWorldEvaluator - INFO - Repeating each frame 1 time(s)
2026-03-28 10:05:49,868 - AtomWorldEvaluator - DEBUG - Processing batch 1 of 25
2026-03-28 10:06:36,515 - AtomWorldEvaluator - DEBUG - Processing batch 2 of 25
2026-03-28 10:06:53,716 - AtomWorldEvaluator - DEBUG - Processing batch 3 of 25
2026-03-28 10:07:11,578 - AtomWorldEvaluator - DEBUG - Processing batch 4 of 25
2026-03-28 10:07:55,626 - AtomWorldEvaluator - DEBUG - Processing batch 5 of 25
2026-03-28 10:08:42,860 - AtomWorldEvaluator - DEBUG - Processing batch 6 of 25
2026-03-28 10:09:30,856 - AtomWorldEvaluator - DEBUG - Processing batch 7 of 25
2026-03-28 10:09:55,179 - AtomWorldEvaluator - DEBUG - Processing batch 8 of 25
2026-03-28 10:10:18,744 - AtomWorldEvaluator - DEBUG - Processing batch 9 of 25
2026-03-28 10:10:32,340 - AtomWorldEvaluator - DEBUG - Processing batch 10 of 25
2026-03-28 10:11:23,336 - AtomWorldEvaluator - DEBUG - Processing batch 11 of 25
2026-03-28 10:11:36,006 - AtomWorldEvaluator - DEBUG - Processing batch 12 of 25
2026-03-28 10:11:57,271 - AtomWorldEvaluator - DEBUG - Processing batch 13 of 25
2026-03-28 10:12:17,783 - AtomWorldEvaluator - DEBUG - Processing batch 14 of 25
2026-03-28 10:12:43,389 - AtomWorldEvaluator - DEBUG - Processing batch 15 of 25
2026-03-28 10:13:03,891 - AtomWorldEvaluator - DEBUG - Processing batch 16 of 25
2026-03-28 10:13:46,707 - AtomWorldEvaluator - DEBUG - Processing batch 17 of 25
2026-03-28 10:14:38,399 - AtomWorldEvaluator - DEBUG - Processing batch 18 of 25
2026-03-28 10:15:38,449 - AtomWorldEvaluator - DEBUG - Processing batch 19 of 25
2026-03-28 10:16:07,194 - AtomWorldEvaluator - DEBUG - Processing batch 20 of 25
2026-03-28 10:16:25,575 - AtomWorldEvaluator - DEBUG - Processing batch 21 of 25
2026-03-28 10:16:51,588 - AtomWorldEvaluator - DEBUG - Processing batch 22 of 25
2026-03-28 10:17:35,155 - AtomWorldEvaluator - DEBUG - Processing batch 23 of 25
2026-03-28 10:18:24,318 - AtomWorldEvaluator - DEBUG - Processing batch 24 of 25
2026-03-28 10:19:34,166 - AtomWorldEvaluator - DEBUG - Processing batch 25 of 25
2026-03-28 10:20:27,215 - AtomWorldEvaluator - INFO - Evaluation completed
2026-03-28 10:20:27,223 - AtomWorldEvaluator - INFO - summary: {'total_samples': 250, 'success_count': 134, 'error_count': 116, 'success_rate': 0.536, 'error_types': {'StructureMismatch': {'count': 108, 'percentage': 0.9310344827586207}, 'AtomCountMismatch': {'count': 8, 'percentage': 0.06896551724137931}}} - statistics: {'rmsd_mean': np.float64(0.05756719385469041), 'rmsd_median': np.float64(0.05021465562209497), 'rmsd_max': np.float64(0.32381372336523145), 'rmsd_min': np.float64(8.774808475187966e-05), 'max_diff_mean': np.float64(0.2537513647711996), 'max_diff_median': np.float64(0.23507513625875046), 'max_diff_max': np.float64(0.6919889590225373), 'max_diff_min': np.float64(0.0006327604377933238)}
2026-03-28 10:20:27,243 - AtomWorldEvaluator - INFO - Saved metrics to /scratch/pawsey1302/alexchen5/AtomWorldBench/results/AtomWorld/gpt_5_4/insert_between_atoms_action/20260328_100540/metrics.json
2026-03-28 10:20:27,766 - AtomWorldEvaluator - INFO - Evaluation results saved to /scratch/pawsey1302/alexchen5/AtomWorldBench/results/AtomWorld/gpt_5_4/insert_between_atoms_action/20260328_100540/evaluation_results.csv
2026-03-28 10:20:28,152 - AtomWorldEvaluator - INFO - Failed cases saved to /scratch/pawsey1302/alexchen5/AtomWorldBench/results/AtomWorld/gpt_5_4/insert_between_atoms_action/20260328_100540/evaluation_wrongs.csv
2026-03-28 10:20:28,154 - AtomWorldEvaluator - INFO - 
======== Evaluation Summary ========
2026-03-28 10:20:28,155 - AtomWorldEvaluator - INFO - Total inputs: 1000
2026-03-28 10:20:28,156 - AtomWorldEvaluator - INFO - num_unreadable_out: 0
2026-03-28 10:20:28,157 - AtomWorldEvaluator - INFO - num_invalid_cif: 116
