2025-09-18 19:32:17,711 - CIFRepairEvaluator - INFO - Starting evaluation with 20 samples in batches of 1
2025-09-18 19:32:17,712 - CIFRepairEvaluator - INFO - Resuming from index 10
2025-09-18 19:32:17,713 - CIFRepairEvaluator - DEBUG - Processing batch 1 of 20
2025-09-18 19:32:48,453 - CIFRepairEvaluator - DEBUG - Processing batch 2 of 20
2025-09-18 19:33:15,910 - CIFRepairEvaluator - DEBUG - Processing batch 3 of 20
2025-09-18 19:33:56,525 - CIFRepairEvaluator - DEBUG - Processing batch 4 of 20
2025-09-18 19:34:19,804 - CIFRepairEvaluator - DEBUG - Processing batch 5 of 20
2025-09-18 19:34:39,942 - CIFRepairEvaluator - DEBUG - Processing batch 6 of 20
2025-09-18 19:35:12,756 - CIFRepairEvaluator - DEBUG - Processing batch 7 of 20
2025-09-18 19:35:57,295 - CIFRepairEvaluator - DEBUG - Processing batch 8 of 20
2025-09-18 19:36:21,733 - CIFRepairEvaluator - DEBUG - Processing batch 9 of 20
2025-09-18 19:36:50,886 - CIFRepairEvaluator - DEBUG - Processing batch 10 of 20
2025-09-18 19:37:20,834 - CIFRepairEvaluator - DEBUG - Processing batch 11 of 20
2025-09-18 19:37:52,915 - CIFRepairEvaluator - DEBUG - Processing batch 12 of 20
2025-09-18 19:38:28,873 - CIFRepairEvaluator - INFO - Evaluation completed
2025-09-18 19:38:28,873 - CIFRepairEvaluator - INFO - summary: {'total_samples': 12, 'success_count': 11, 'error_count': 1, 'success_rate': 0.9166666666666666, 'error_types': {'CIFParsingError': {'count': 1, 'percentage': 1.0}}} - statistics: {}
2025-09-18 19:38:28,876 - CIFRepairEvaluator - INFO - Saved metrics to /scratch/pawsey1151/alexchen5/AtomWorldBench/results/CifRepair/o4_mini/20250918_193217/metrics.json
2025-09-18 19:38:28,881 - CIFRepairEvaluator - INFO - Evaluation results saved to /scratch/pawsey1151/alexchen5/AtomWorldBench/results/CifRepair/o4_mini/20250918_193217/evaluation_results.csv
2025-09-18 19:38:28,883 - CIFRepairEvaluator - INFO - Failed cases saved to /scratch/pawsey1151/alexchen5/AtomWorldBench/results/CifRepair/o4_mini/20250918_193217/evaluation_wrongs.csv
2025-09-18 19:38:28,883 - CIFRepairEvaluator - INFO - 
======== Evaluation Summary ========
2025-09-18 19:38:28,883 - CIFRepairEvaluator - INFO - Total inputs: 22
2025-09-18 19:38:28,883 - CIFRepairEvaluator - INFO - num_unreadable_out: 0
2025-09-18 19:38:28,883 - CIFRepairEvaluator - INFO - num_invalid_cif: 1
