2025-11-18 15:57:44,163 - AtomWorldEvaluator - INFO - Starting evaluation with 50 samples in batches of 5
2025-11-18 15:57:44,165 - AtomWorldEvaluator - INFO - Repeating each frame 1 time(s)
2025-11-18 15:57:44,168 - AtomWorldEvaluator - DEBUG - Processing batch 1 of 10
2025-11-18 15:59:42,961 - AtomWorldEvaluator - DEBUG - Processing batch 2 of 10
2025-11-18 16:01:40,655 - AtomWorldEvaluator - DEBUG - Processing batch 3 of 10
2025-11-18 16:02:28,415 - AtomWorldEvaluator - DEBUG - Processing batch 4 of 10
2025-11-18 16:02:59,877 - AtomWorldEvaluator - DEBUG - Processing batch 5 of 10
2025-11-18 16:03:39,863 - AtomWorldEvaluator - DEBUG - Processing batch 6 of 10
2025-11-18 16:04:10,049 - AtomWorldEvaluator - DEBUG - Processing batch 7 of 10
2025-11-18 16:04:46,573 - AtomWorldEvaluator - DEBUG - Processing batch 8 of 10
2025-11-18 16:07:23,383 - AtomWorldEvaluator - DEBUG - Processing batch 9 of 10
2025-11-18 16:08:36,397 - AtomWorldEvaluator - DEBUG - Processing batch 10 of 10
2025-11-18 16:09:42,940 - AtomWorldEvaluator - INFO - Evaluation completed
2025-11-18 16:09:42,941 - AtomWorldEvaluator - INFO - summary: {'total_samples': 50, 'success_count': 49, 'error_count': 1, 'success_rate': 0.98, 'error_types': {'AtomCountMismatch': {'count': 1, 'percentage': 1.0}}} - statistics: {'rmsd_mean': 1.855388009307479e-07, 'rmsd_median': 4.061772341870525e-16, 'rmsd_max': 2.2315764592580035e-06, 'rmsd_min': 0.0, 'max_diff_mean': 2.425103519409405e-07, 'max_diff_median': 8.159053155314101e-16, 'max_diff_max': 2.652486106240959e-06, 'max_diff_min': 0.0}
2025-11-18 16:09:42,997 - AtomWorldEvaluator - INFO - Saved metrics to /scratch/pawsey1151/alexchen5/AtomWorldBench/results/AtomWorld/o3/swap_atoms_action/20251118_155742/metrics.json
2025-11-18 16:09:43,008 - AtomWorldEvaluator - INFO - Evaluation results saved to /scratch/pawsey1151/alexchen5/AtomWorldBench/results/AtomWorld/o3/swap_atoms_action/20251118_155742/evaluation_results.csv
2025-11-18 16:09:43,011 - AtomWorldEvaluator - INFO - Failed cases saved to /scratch/pawsey1151/alexchen5/AtomWorldBench/results/AtomWorld/o3/swap_atoms_action/20251118_155742/evaluation_wrongs.csv
2025-11-18 16:09:43,011 - AtomWorldEvaluator - INFO - 
======== Evaluation Summary ========
2025-11-18 16:09:43,011 - AtomWorldEvaluator - INFO - Total inputs: 998
2025-11-18 16:09:43,011 - AtomWorldEvaluator - INFO - num_unreadable_out: 0
2025-11-18 16:09:43,011 - AtomWorldEvaluator - INFO - num_invalid_cif: 1
