2025-09-18 19:35:15,759 - AtomWorldEvaluator - INFO - Starting evaluation with 50 samples in batches of 5
2025-09-18 19:35:15,762 - AtomWorldEvaluator - DEBUG - Processing batch 1 of 10
2025-09-18 19:36:22,388 - AtomWorldEvaluator - DEBUG - Processing batch 2 of 10
2025-09-18 19:37:42,203 - AtomWorldEvaluator - DEBUG - Processing batch 3 of 10
2025-09-18 19:38:45,552 - AtomWorldEvaluator - DEBUG - Processing batch 4 of 10
2025-09-18 19:39:44,275 - AtomWorldEvaluator - DEBUG - Processing batch 5 of 10
2025-09-18 19:41:18,070 - AtomWorldEvaluator - DEBUG - Processing batch 6 of 10
2025-09-18 19:42:15,413 - AtomWorldEvaluator - DEBUG - Processing batch 7 of 10
2025-09-18 19:43:30,298 - AtomWorldEvaluator - DEBUG - Processing batch 8 of 10
2025-09-18 19:45:12,507 - AtomWorldEvaluator - DEBUG - Processing batch 9 of 10
2025-09-18 19:46:06,792 - AtomWorldEvaluator - DEBUG - Processing batch 10 of 10
2025-09-18 19:47:24,622 - AtomWorldEvaluator - INFO - Evaluation completed
2025-09-18 19:47:24,622 - AtomWorldEvaluator - INFO - summary: {'total_samples': 50, 'success_count': 6, 'error_count': 44, 'success_rate': 0.12, 'error_types': {'AtomCountMismatch': {'count': 6, 'percentage': 0.13636363636363635}, 'StructureMismatch': {'count': 38, 'percentage': 0.8636363636363636}}} - statistics: {'rmsd_mean': np.float64(0.012459271687987732), 'rmsd_median': np.float64(0.009937979097893145), 'rmsd_max': np.float64(0.03497974286465278), 'rmsd_min': np.float64(5.5460095256782564e-17), 'max_diff_mean': np.float64(0.019117171497709758), 'max_diff_median': np.float64(0.014004116170798995), 'max_diff_max': np.float64(0.05208894749880792), 'max_diff_min': np.float64(1.4436016674168636e-16)}
2025-09-18 19:47:24,625 - AtomWorldEvaluator - INFO - Saved metrics to /scratch/pawsey1151/alexchen5/AtomWorldBench/results/AtomWorld/gemini_2_5_pro/swap_atoms_action/20250918_193515/metrics.json
2025-09-18 19:47:24,630 - AtomWorldEvaluator - INFO - Evaluation results saved to /scratch/pawsey1151/alexchen5/AtomWorldBench/results/AtomWorld/gemini_2_5_pro/swap_atoms_action/20250918_193515/evaluation_results.csv
2025-09-18 19:47:24,637 - AtomWorldEvaluator - INFO - Failed cases saved to /scratch/pawsey1151/alexchen5/AtomWorldBench/results/AtomWorld/gemini_2_5_pro/swap_atoms_action/20250918_193515/evaluation_wrongs.csv
2025-09-18 19:47:24,637 - AtomWorldEvaluator - INFO - 
======== Evaluation Summary ========
2025-09-18 19:47:24,637 - AtomWorldEvaluator - INFO - Total inputs: 998
2025-09-18 19:47:24,637 - AtomWorldEvaluator - INFO - num_unreadable_out: 0
2025-09-18 19:47:24,637 - AtomWorldEvaluator - INFO - num_invalid_cif: 44
