2025-09-17 21:46:33,237 - CIFRepairEvaluator - INFO - Starting evaluation with 10 samples in batches of 1
2025-09-17 21:46:33,240 - CIFRepairEvaluator - DEBUG - Processing batch 1 of 10
2025-09-17 21:46:56,348 - CIFRepairEvaluator - DEBUG - Processing batch 2 of 10
2025-09-17 21:47:19,273 - CIFRepairEvaluator - DEBUG - Processing batch 3 of 10
2025-09-17 21:48:22,983 - CIFRepairEvaluator - DEBUG - Processing batch 4 of 10
2025-09-17 21:49:53,350 - CIFRepairEvaluator - DEBUG - Processing batch 5 of 10
2025-09-17 21:50:36,121 - CIFRepairEvaluator - DEBUG - Processing batch 6 of 10
2025-09-17 21:51:21,440 - CIFRepairEvaluator - DEBUG - Processing batch 7 of 10
2025-09-17 21:51:55,444 - CIFRepairEvaluator - DEBUG - Processing batch 8 of 10
2025-09-17 21:53:28,206 - CIFRepairEvaluator - DEBUG - Processing batch 9 of 10
2025-09-17 21:54:28,549 - CIFRepairEvaluator - DEBUG - Processing batch 10 of 10
2025-09-17 21:55:36,641 - CIFRepairEvaluator - INFO - Evaluation completed
2025-09-17 21:55:36,641 - CIFRepairEvaluator - INFO - summary: {'total_samples': 10, 'success_count': 10, 'error_count': 0, 'success_rate': 1.0, 'error_types': {}} - statistics: {}
2025-09-17 21:55:36,643 - CIFRepairEvaluator - INFO - Saved metrics to /scratch/pawsey1151/alexchen5/AtomWorldBench/results/CifRepair/gemini_2_5_pro/20250917_214633/metrics.json
2025-09-17 21:55:36,652 - CIFRepairEvaluator - INFO - Evaluation results saved to /scratch/pawsey1151/alexchen5/AtomWorldBench/results/CifRepair/gemini_2_5_pro/20250917_214633/evaluation_results.csv
2025-09-17 21:55:36,652 - CIFRepairEvaluator - INFO - 
======== Evaluation Summary ========
2025-09-17 21:55:36,652 - CIFRepairEvaluator - INFO - Total inputs: 22
2025-09-17 21:55:36,652 - CIFRepairEvaluator - INFO - num_unreadable_out: 0
2025-09-17 21:55:36,652 - CIFRepairEvaluator - INFO - num_invalid_cif: 0
