2026-03-26 22:27:57,696 - AtomWorldEvaluator - INFO - Starting evaluation with 250 samples in batches of 5
2026-03-26 22:27:57,697 - AtomWorldEvaluator - INFO - Repeating each frame 1 time(s)
2026-03-26 22:27:57,699 - AtomWorldEvaluator - DEBUG - Processing batch 1 of 50
2026-03-26 22:28:35,650 - AtomWorldEvaluator - DEBUG - Processing batch 2 of 50
2026-03-26 22:29:13,057 - AtomWorldEvaluator - DEBUG - Processing batch 3 of 50
2026-03-26 22:29:28,804 - AtomWorldEvaluator - DEBUG - Processing batch 4 of 50
2026-03-26 22:29:51,583 - AtomWorldEvaluator - DEBUG - Processing batch 5 of 50
2026-03-26 22:30:12,424 - AtomWorldEvaluator - DEBUG - Processing batch 6 of 50
2026-03-26 22:30:31,290 - AtomWorldEvaluator - DEBUG - Processing batch 7 of 50
2026-03-26 22:31:02,388 - AtomWorldEvaluator - DEBUG - Processing batch 8 of 50
2026-03-26 22:31:34,433 - AtomWorldEvaluator - DEBUG - Processing batch 9 of 50
2026-03-26 22:32:02,476 - AtomWorldEvaluator - DEBUG - Processing batch 10 of 50
2026-03-26 22:32:41,839 - AtomWorldEvaluator - DEBUG - Processing batch 11 of 50
2026-03-26 22:33:19,528 - AtomWorldEvaluator - DEBUG - Processing batch 12 of 50
2026-03-26 22:33:42,181 - AtomWorldEvaluator - DEBUG - Processing batch 13 of 50
2026-03-26 22:34:09,997 - AtomWorldEvaluator - DEBUG - Processing batch 14 of 50
2026-03-26 22:34:31,826 - AtomWorldEvaluator - DEBUG - Processing batch 15 of 50
2026-03-26 22:34:56,194 - AtomWorldEvaluator - DEBUG - Processing batch 16 of 50
2026-03-26 22:35:11,609 - AtomWorldEvaluator - DEBUG - Processing batch 17 of 50
2026-03-26 22:35:33,727 - AtomWorldEvaluator - DEBUG - Processing batch 18 of 50
2026-03-26 22:35:53,599 - AtomWorldEvaluator - DEBUG - Processing batch 19 of 50
2026-03-26 22:36:26,041 - AtomWorldEvaluator - DEBUG - Processing batch 20 of 50
2026-03-26 22:37:04,311 - AtomWorldEvaluator - DEBUG - Processing batch 21 of 50
2026-03-26 22:37:28,898 - AtomWorldEvaluator - DEBUG - Processing batch 22 of 50
2026-03-26 22:37:46,872 - AtomWorldEvaluator - DEBUG - Processing batch 23 of 50
2026-03-26 22:38:06,512 - AtomWorldEvaluator - DEBUG - Processing batch 24 of 50
2026-03-26 22:38:28,779 - AtomWorldEvaluator - DEBUG - Processing batch 25 of 50
2026-03-26 22:38:42,052 - AtomWorldEvaluator - DEBUG - Processing batch 26 of 50
2026-03-26 22:39:11,010 - AtomWorldEvaluator - DEBUG - Processing batch 27 of 50
2026-03-26 22:39:41,160 - AtomWorldEvaluator - DEBUG - Processing batch 28 of 50
2026-03-26 22:40:08,095 - AtomWorldEvaluator - DEBUG - Processing batch 29 of 50
2026-03-26 22:40:32,456 - AtomWorldEvaluator - DEBUG - Processing batch 30 of 50
2026-03-26 22:41:01,187 - AtomWorldEvaluator - DEBUG - Processing batch 31 of 50
2026-03-26 22:41:45,018 - AtomWorldEvaluator - DEBUG - Processing batch 32 of 50
2026-03-26 22:42:29,274 - AtomWorldEvaluator - DEBUG - Processing batch 33 of 50
2026-03-26 22:43:10,560 - AtomWorldEvaluator - DEBUG - Processing batch 34 of 50
2026-03-26 22:43:47,819 - AtomWorldEvaluator - DEBUG - Processing batch 35 of 50
2026-03-26 22:44:33,402 - AtomWorldEvaluator - DEBUG - Processing batch 36 of 50
2026-03-26 22:45:16,651 - AtomWorldEvaluator - DEBUG - Processing batch 37 of 50
2026-03-26 22:45:36,187 - AtomWorldEvaluator - DEBUG - Processing batch 38 of 50
2026-03-26 22:45:59,606 - AtomWorldEvaluator - DEBUG - Processing batch 39 of 50
2026-03-26 22:46:30,767 - AtomWorldEvaluator - DEBUG - Processing batch 40 of 50
2026-03-26 22:47:05,339 - AtomWorldEvaluator - DEBUG - Processing batch 41 of 50
2026-03-26 22:47:37,977 - AtomWorldEvaluator - DEBUG - Processing batch 42 of 50
2026-03-26 22:48:09,355 - AtomWorldEvaluator - DEBUG - Processing batch 43 of 50
2026-03-26 22:48:34,665 - AtomWorldEvaluator - DEBUG - Processing batch 44 of 50
2026-03-26 22:49:15,885 - AtomWorldEvaluator - DEBUG - Processing batch 45 of 50
2026-03-26 22:49:48,105 - AtomWorldEvaluator - DEBUG - Processing batch 46 of 50
2026-03-26 22:50:31,038 - AtomWorldEvaluator - DEBUG - Processing batch 47 of 50
2026-03-26 22:51:16,226 - AtomWorldEvaluator - DEBUG - Processing batch 48 of 50
2026-03-26 22:52:14,089 - AtomWorldEvaluator - DEBUG - Processing batch 49 of 50
2026-03-26 22:52:50,995 - AtomWorldEvaluator - DEBUG - Processing batch 50 of 50
2026-03-26 22:53:20,133 - AtomWorldEvaluator - INFO - Evaluation completed
2026-03-26 22:53:20,134 - AtomWorldEvaluator - INFO - summary: {'total_samples': 250, 'success_count': 248, 'error_count': 2, 'success_rate': 0.992, 'error_types': {'AtomCountMismatch': {'count': 2, 'percentage': 1.0}}} - statistics: {'rmsd_mean': np.float64(7.751826041345282e-08), 'rmsd_median': np.float64(2.9800628233827524e-16), 'rmsd_max': np.float64(2.236689368516856e-06), 'rmsd_min': np.float64(0.0), 'max_diff_mean': np.float64(1.3083179949802178e-07), 'max_diff_median': np.float64(6.635920223883436e-16), 'max_diff_max': np.float64(3.81577921084331e-06), 'max_diff_min': np.float64(0.0)}
2026-03-26 22:53:20,140 - AtomWorldEvaluator - INFO - Saved metrics to /scratch/pawsey1302/alexchen5/AtomWorldBench/results/AtomWorld/o4_mini/change_atom_action/20260326_222757/metrics.json
2026-03-26 22:53:20,166 - AtomWorldEvaluator - INFO - Evaluation results saved to /scratch/pawsey1302/alexchen5/AtomWorldBench/results/AtomWorld/o4_mini/change_atom_action/20260326_222757/evaluation_results.csv
2026-03-26 22:53:20,169 - AtomWorldEvaluator - INFO - Failed cases saved to /scratch/pawsey1302/alexchen5/AtomWorldBench/results/AtomWorld/o4_mini/change_atom_action/20260326_222757/evaluation_wrongs.csv
2026-03-26 22:53:20,169 - AtomWorldEvaluator - INFO - 
======== Evaluation Summary ========
2026-03-26 22:53:20,169 - AtomWorldEvaluator - INFO - Total inputs: 1000
2026-03-26 22:53:20,169 - AtomWorldEvaluator - INFO - num_unreadable_out: 0
2026-03-26 22:53:20,169 - AtomWorldEvaluator - INFO - num_invalid_cif: 2
