2025-09-18 19:35:14,686 - AtomWorldEvaluator - INFO - Starting evaluation with 50 samples in batches of 5
2025-09-18 19:35:14,690 - AtomWorldEvaluator - DEBUG - Processing batch 1 of 10
2025-09-18 19:36:25,473 - AtomWorldEvaluator - DEBUG - Processing batch 2 of 10
2025-09-18 19:38:08,219 - AtomWorldEvaluator - DEBUG - Processing batch 3 of 10
2025-09-18 19:38:32,610 - AtomWorldEvaluator - DEBUG - Processing batch 4 of 10
2025-09-18 19:39:01,471 - AtomWorldEvaluator - DEBUG - Processing batch 5 of 10
2025-09-18 19:39:29,130 - AtomWorldEvaluator - DEBUG - Processing batch 6 of 10
2025-09-18 19:40:38,141 - AtomWorldEvaluator - DEBUG - Processing batch 7 of 10
2025-09-18 19:41:35,190 - AtomWorldEvaluator - DEBUG - Processing batch 8 of 10
2025-09-18 19:43:07,022 - AtomWorldEvaluator - DEBUG - Processing batch 9 of 10
2025-09-18 19:43:49,389 - AtomWorldEvaluator - DEBUG - Processing batch 10 of 10
2025-09-18 19:45:03,292 - AtomWorldEvaluator - INFO - Evaluation completed
2025-09-18 19:45:03,292 - AtomWorldEvaluator - INFO - summary: {'total_samples': 50, 'success_count': 18, 'error_count': 32, 'success_rate': 0.36, 'error_types': {'AtomCountMismatch': {'count': 31, 'percentage': 0.96875}, 'CIFParsingError': {'count': 1, 'percentage': 0.03125}}} - statistics: {'rmsd_mean': np.float64(1.955454534689691e-16), 'rmsd_median': np.float64(1.520932123406172e-16), 'rmsd_max': np.float64(6.425184870562843e-16), 'rmsd_min': np.float64(4.7462522004772174e-17), 'max_diff_mean': np.float64(3.5722630588324315e-16), 'max_diff_median': np.float64(2.8850327670009603e-16), 'max_diff_max': np.float64(1.3156065167828343e-15), 'max_diff_min': np.float64(4.7462522004772174e-17)}
2025-09-18 19:45:03,301 - AtomWorldEvaluator - INFO - Saved metrics to /scratch/pawsey1151/alexchen5/AtomWorldBench/results/AtomWorld/o3/delete_below_atom_action/20250918_193514/metrics.json
2025-09-18 19:45:03,307 - AtomWorldEvaluator - INFO - Evaluation results saved to /scratch/pawsey1151/alexchen5/AtomWorldBench/results/AtomWorld/o3/delete_below_atom_action/20250918_193514/evaluation_results.csv
2025-09-18 19:45:03,311 - AtomWorldEvaluator - INFO - Failed cases saved to /scratch/pawsey1151/alexchen5/AtomWorldBench/results/AtomWorld/o3/delete_below_atom_action/20250918_193514/evaluation_wrongs.csv
2025-09-18 19:45:03,312 - AtomWorldEvaluator - INFO - 
======== Evaluation Summary ========
2025-09-18 19:45:03,312 - AtomWorldEvaluator - INFO - Total inputs: 999
2025-09-18 19:45:03,312 - AtomWorldEvaluator - INFO - num_unreadable_out: 0
2025-09-18 19:45:03,312 - AtomWorldEvaluator - INFO - num_invalid_cif: 32
